Archive member included to satisfy reference by file (symbol)

/home/will/Documents/ottobot/.build/mzero_pro_bl_dbg/core/core.a(cortex_handlers.c.o)
                              (Reset_Handler)
/home/will/Documents/ottobot/.build/mzero_pro_bl_dbg/core/core.a(delay.c.o)
                              /home/will/Documents/ottobot/.build/mzero_pro_bl_dbg/sketch/test.ino.cpp.o (delay)
/home/will/Documents/ottobot/.build/mzero_pro_bl_dbg/core/core.a(hooks.c.o)
                              /home/will/Documents/ottobot/.build/mzero_pro_bl_dbg/core/core.a(delay.c.o) (yield)
/home/will/Documents/ottobot/.build/mzero_pro_bl_dbg/core/core.a(startup.c.o)
                              /home/will/Documents/ottobot/.build/mzero_pro_bl_dbg/core/core.a(cortex_handlers.c.o) (SystemInit)
/home/will/Documents/ottobot/.build/mzero_pro_bl_dbg/core/core.a(wiring.c.o)
                              /home/will/Documents/ottobot/.build/mzero_pro_bl_dbg/core/core.a(startup.c.o) (SystemCoreClock)
/home/will/Documents/ottobot/.build/mzero_pro_bl_dbg/core/core.a(wiring_analog.c.o)
                              /home/will/Documents/ottobot/.build/mzero_pro_bl_dbg/core/core.a(wiring.c.o) (analogReference)
/home/will/Documents/ottobot/.build/mzero_pro_bl_dbg/core/core.a(wiring_digital.c.o)
                              /home/will/Documents/ottobot/.build/mzero_pro_bl_dbg/sketch/test.ino.cpp.o (pinMode)
/home/will/Documents/ottobot/.build/mzero_pro_bl_dbg/core/core.a(wiring_private.c.o)
                              /home/will/Documents/ottobot/.build/mzero_pro_bl_dbg/core/core.a(wiring_analog.c.o) (pinPeripheral)
/home/will/Documents/ottobot/.build/mzero_pro_bl_dbg/core/core.a(Reset.cpp.o)
                              /home/will/Documents/ottobot/.build/mzero_pro_bl_dbg/core/core.a(delay.c.o) (tickReset)
/home/will/Documents/ottobot/.build/mzero_pro_bl_dbg/core/core.a(SERCOM.cpp.o)
                              /home/will/Documents/ottobot/.build/mzero_pro_bl_dbg/core/variant.cpp.o (SERCOM::SERCOM(Sercom*))
/home/will/Documents/ottobot/.build/mzero_pro_bl_dbg/core/core.a(Uart.cpp.o)
                              /home/will/Documents/ottobot/.build/mzero_pro_bl_dbg/core/variant.cpp.o (Uart::Uart(SERCOM*, unsigned char, unsigned char, SercomRXPad, SercomUartTXPad))
/home/will/Documents/ottobot/.build/mzero_pro_bl_dbg/core/core.a(main.cpp.o)
                              /home/will/.arduino15/packages/arduino/tools/arm-none-eabi-gcc/7-2017q4/bin/../lib/gcc/arm-none-eabi/7.2.1/../../../../arm-none-eabi/lib/thumb/v6-m/crt0.o (main)
/home/will/Documents/ottobot/.build/mzero_pro_bl_dbg/core/core.a(Print.cpp.o)
                              /home/will/Documents/ottobot/.build/mzero_pro_bl_dbg/core/core.a(Uart.cpp.o) (Print::write(unsigned char const*, unsigned int))
/home/will/Documents/ottobot/.build/mzero_pro_bl_dbg/core/core.a(USBCore.cpp.o)
                              /home/will/Documents/ottobot/.build/mzero_pro_bl_dbg/core/core.a(main.cpp.o) (USBDeviceClass::init())
/home/will/Documents/ottobot/.build/mzero_pro_bl_dbg/core/core.a(abi.cpp.o)
                              /home/will/Documents/ottobot/.build/mzero_pro_bl_dbg/core/core.a(Print.cpp.o) (__cxa_pure_virtual)
/home/will/Documents/ottobot/.build/mzero_pro_bl_dbg/core/core.a(new.cpp.o)
                              /home/will/Documents/ottobot/.build/mzero_pro_bl_dbg/core/core.a(USBCore.cpp.o) (operator new(unsigned int))
/home/will/Documents/ottobot/.build/mzero_pro_bl_dbg/core/core.a(CDC.cpp.o)
                              /home/will/Documents/ottobot/.build/mzero_pro_bl_dbg/core/core.a(USBCore.cpp.o) (Serial_::enableInterrupt())
/home/will/Documents/ottobot/.build/mzero_pro_bl_dbg/core/core.a(PluggableUSB.cpp.o)
                              /home/will/Documents/ottobot/.build/mzero_pro_bl_dbg/core/core.a(USBCore.cpp.o) (PluggableUSB_::getInterface(unsigned char*))
/home/will/.arduino15/packages/arduino/tools/arm-none-eabi-gcc/7-2017q4/bin/../lib/gcc/arm-none-eabi/7.2.1/thumb/v6-m/libgcc.a(_thumb1_case_uqi.o)
                              /home/will/Documents/ottobot/.build/mzero_pro_bl_dbg/core/core.a(wiring_analog.c.o) (__gnu_thumb1_case_uqi)
/home/will/.arduino15/packages/arduino/tools/arm-none-eabi-gcc/7-2017q4/bin/../lib/gcc/arm-none-eabi/7.2.1/thumb/v6-m/libgcc.a(_udivsi3.o)
                              /home/will/Documents/ottobot/.build/mzero_pro_bl_dbg/core/core.a(wiring.c.o) (__aeabi_uidiv)
/home/will/.arduino15/packages/arduino/tools/arm-none-eabi-gcc/7-2017q4/bin/../lib/gcc/arm-none-eabi/7.2.1/thumb/v6-m/libgcc.a(_divsi3.o)
                              /home/will/Documents/ottobot/.build/mzero_pro_bl_dbg/core/core.a(SERCOM.cpp.o) (__aeabi_idiv)
/home/will/.arduino15/packages/arduino/tools/arm-none-eabi-gcc/7-2017q4/bin/../lib/gcc/arm-none-eabi/7.2.1/thumb/v6-m/libgcc.a(_dvmd_tls.o)
                              /home/will/.arduino15/packages/arduino/tools/arm-none-eabi-gcc/7-2017q4/bin/../lib/gcc/arm-none-eabi/7.2.1/thumb/v6-m/libgcc.a(_udivsi3.o) (__aeabi_idiv0)
[...]
Memory Configuration

Name             Origin             Length             Attributes
FLASH            0x0000000000004000 0x000000000003c000 xr
RAM              0x0000000020000000 0x0000000000008000 xrw
*default*        0x0000000000000000 0xffffffffffffffff

Linker script and memory map

LOAD /home/will/.arduino15/packages/arduino/tools/arm-none-eabi-gcc/7-2017q4/bin/../lib/gcc/arm-none-eabi/7.2.1/thumb/v6-m/crti.o
LOAD /home/will/.arduino15/packages/arduino/tools/arm-none-eabi-gcc/7-2017q4/bin/../lib/gcc/arm-none-eabi/7.2.1/thumb/v6-m/crtbegin.o
LOAD /home/will/.arduino15/packages/arduino/tools/arm-none-eabi-gcc/7-2017q4/bin/../lib/gcc/arm-none-eabi/7.2.1/../../../../arm-none-eabi/lib/thumb/v6-m/crt0.o
LOAD /home/will/Documents/ottobot/.build/mzero_pro_bl_dbg/sketch/test.ino.cpp.o
LOAD /home/will/Documents/ottobot/.build/mzero_pro_bl_dbg/core/variant.cpp.o
START GROUP
LOAD /home/will/.arduino15/packages/arduino/tools/CMSIS/4.5.0/CMSIS/Lib/GCC//libarm_cortexM0l_math.a
LOAD /home/will/Documents/ottobot/.build/mzero_pro_bl_dbg/core/core.a
END GROUP
LOAD /home/will/.arduino15/packages/arduino/tools/arm-none-eabi-gcc/7-2017q4/bin/../lib/gcc/arm-none-eabi/7.2.1/../../../../arm-none-eabi/lib/thumb/v6-m/libstdc++_nano.a
LOAD /home/will/.arduino15/packages/arduino/tools/arm-none-eabi-gcc/7-2017q4/bin/../lib/gcc/arm-none-eabi/7.2.1/../../../../arm-none-eabi/lib/thumb/v6-m/libm.a
START GROUP
LOAD /home/will/.arduino15/packages/arduino/tools/arm-none-eabi-gcc/7-2017q4/bin/../lib/gcc/arm-none-eabi/7.2.1/thumb/v6-m/libgcc.a
LOAD /home/will/.arduino15/packages/arduino/tools/arm-none-eabi-gcc/7-2017q4/bin/../lib/gcc/arm-none-eabi/7.2.1/../../../../arm-none-eabi/lib/thumb/v6-m/libc_nano.a
END GROUP
START GROUP
LOAD /home/will/.arduino15/packages/arduino/tools/arm-none-eabi-gcc/7-2017q4/bin/../lib/gcc/arm-none-eabi/7.2.1/thumb/v6-m/libgcc.a
LOAD /home/will/.arduino15/packages/arduino/tools/arm-none-eabi-gcc/7-2017q4/bin/../lib/gcc/arm-none-eabi/7.2.1/../../../../arm-none-eabi/lib/thumb/v6-m/libc_nano.a
LOAD /home/will/.arduino15/packages/arduino/tools/arm-none-eabi-gcc/7-2017q4/bin/../lib/gcc/arm-none-eabi/7.2.1/../../../../arm-none-eabi/lib/thumb/v6-m/libnosys.a
END GROUP
START GROUP
LOAD /home/will/.arduino15/packages/arduino/tools/arm-none-eabi-gcc/7-2017q4/bin/../lib/gcc/arm-none-eabi/7.2.1/thumb/v6-m/libgcc.a
LOAD /home/will/.arduino15/packages/arduino/tools/arm-none-eabi-gcc/7-2017q4/bin/../lib/gcc/arm-none-eabi/7.2.1/../../../../arm-none-eabi/lib/thumb/v6-m/libc_nano.a
LOAD /home/will/.arduino15/packages/arduino/tools/arm-none-eabi-gcc/7-2017q4/bin/../lib/gcc/arm-none-eabi/7.2.1/../../../../arm-none-eabi/lib/thumb/v6-m/libnosys.a
END GROUP
LOAD /home/will/.arduino15/packages/arduino/tools/arm-none-eabi-gcc/7-2017q4/bin/../lib/gcc/arm-none-eabi/7.2.1/thumb/v6-m/crtend.o
LOAD /home/will/.arduino15/packages/arduino/tools/arm-none-eabi-gcc/7-2017q4/bin/../lib/gcc/arm-none-eabi/7.2.1/thumb/v6-m/crtn.o

.text           0x0000000000004000     0x2d14
                0x0000000000004000                __text_start__ = .
 *(.sketch_boot)
                0x0000000000004000                . = ALIGN (0x4000)
 *(.isr_vector)
 .isr_vector    0x0000000000004000       0xb4 /home/will/Documents/ottobot/.build/mzero_pro_bl_dbg/core/core.a(cortex_handlers.c.o)
                0x0000000000004000                exception_table
 *(.text*)
 .text          0x00000000000040b4       0x48 /home/will/.arduino15/packages/arduino/tools/arm-none-eabi-gcc/7-2017q4/bin/../lib/gcc/arm-none-eabi/7.2.1/thumb/v6-m/crtbegin.o
 .text.setup    0x00000000000040fc        0xc /home/will/Documents/ottobot/.build/mzero_pro_bl_dbg/sketch/test.ino.cpp.o
                0x00000000000040fc                setup
 .text.loop     0x0000000000004108       0x24 /home/will/Documents/ottobot/.build/mzero_pro_bl_dbg/sketch/test.ino.cpp.o
                0x0000000000004108                loop
 .text.SERCOM0_Handler
                0x000000000000412c       0x10 /home/will/Documents/ottobot/.build/mzero_pro_bl_dbg/core/variant.cpp.o
                0x000000000000412c                SERCOM0_Handler
 .text.SERCOM5_Handler
                0x000000000000413c       0x10 /home/will/Documents/ottobot/.build/mzero_pro_bl_dbg/core/variant.cpp.o
                0x000000000000413c                SERCOM5_Handler
 .text.startup._GLOBAL__sub_I_g_APinDescription
                0x000000000000414c       0x94 /home/will/Documents/ottobot/.build/mzero_pro_bl_dbg/core/variant.cpp.o
 .text.Dummy_Handler
                0x00000000000041e0        0x2 /home/will/Documents/ottobot/.build/mzero_pro_bl_dbg/core/core.a(cortex_handlers.c.o)
                0x00000000000041e0                DMAC_Handler
                0x00000000000041e0                HardFault_Handler
                0x00000000000041e0                AC_Handler
                0x00000000000041e0                PendSV_Handler
                0x00000000000041e0                NMI_Handler
                0x00000000000041e0                TC7_Handler
                0x00000000000041e0                SERCOM1_Handler
                0x00000000000041e0                ADC_Handler
                0x00000000000041e0                TCC1_Handler
                0x00000000000041e0                SERCOM2_Handler
                0x00000000000041e0                TCC0_Handler
                0x00000000000041e0                RTC_Handler
                0x00000000000041e0                EIC_Handler
                0x00000000000041e0                TC6_Handler
                0x00000000000041e0                WDT_Handler
                0x00000000000041e0                TC4_Handler
                0x00000000000041e0                TC3_Handler
                0x00000000000041e0                Dummy_Handler
                0x00000000000041e0                PM_Handler
                0x00000000000041e0                SVC_Handler
                0x00000000000041e0                TCC2_Handler
                0x00000000000041e0                EVSYS_Handler
                0x00000000000041e0                SERCOM3_Handler
                0x00000000000041e0                SERCOM4_Handler
                0x00000000000041e0                I2S_Handler
                0x00000000000041e0                NVMCTRL_Handler
                0x00000000000041e0                DAC_Handler
                0x00000000000041e0                PTC_Handler
                0x00000000000041e0                SYSCTRL_Handler
 *fill*         0x00000000000041e2        0x2 
 .text.USB_Handler
                0x00000000000041e4       0x14 /home/will/Documents/ottobot/.build/mzero_pro_bl_dbg/core/core.a(cortex_handlers.c.o)
                0x00000000000041e4                USB_Handler
 .text.Reset_Handler
                0x00000000000041f8       0x54 /home/will/Documents/ottobot/.build/mzero_pro_bl_dbg/core/core.a(cortex_handlers.c.o)
                0x00000000000041f8                Reset_Handler
 .text.SysTick_Handler
                0x000000000000424c       0x10 /home/will/Documents/ottobot/.build/mzero_pro_bl_dbg/core/core.a(cortex_handlers.c.o)
                0x000000000000424c                SysTick_Handler
 .text.USB_SetHandler
                0x000000000000425c        0xc /home/will/Documents/ottobot/.build/mzero_pro_bl_dbg/core/core.a(cortex_handlers.c.o)
                0x000000000000425c                USB_SetHandler
 .text.micros   0x0000000000004268       0x60 /home/will/Documents/ottobot/.build/mzero_pro_bl_dbg/core/core.a(delay.c.o)
                0x0000000000004268                micros
 .text.delay    0x00000000000042c8       0x30 /home/will/Documents/ottobot/.build/mzero_pro_bl_dbg/core/core.a(delay.c.o)
                0x00000000000042c8                delay
 .text.resetExternalChip
                0x00000000000042f8        0x2 /home/will/Documents/ottobot/.build/mzero_pro_bl_dbg/core/core.a(delay.c.o)
                0x00000000000042f8                resetExternalChip
 *fill*         0x00000000000042fa        0x2 
 .text.SysTick_DefaultHandler
                0x00000000000042fc       0x14 /home/will/Documents/ottobot/.build/mzero_pro_bl_dbg/core/core.a(delay.c.o)
                0x00000000000042fc                SysTick_DefaultHandler
 .text.__empty  0x0000000000004310        0x2 /home/will/Documents/ottobot/.build/mzero_pro_bl_dbg/core/core.a(hooks.c.o)
                0x0000000000004310                yield
 .text.__false  0x0000000000004312        0x4 /home/will/Documents/ottobot/.build/mzero_pro_bl_dbg/core/core.a(hooks.c.o)
                0x0000000000004312                sysTickHook
 *fill*         0x0000000000004316        0x2 
 .text.SystemInit
                0x0000000000004318      0x160 /home/will/Documents/ottobot/.build/mzero_pro_bl_dbg/core/core.a(startup.c.o)
                0x0000000000004318                SystemInit
 .text.init     0x0000000000004478       0xf0 /home/will/Documents/ottobot/.build/mzero_pro_bl_dbg/core/core.a(wiring.c.o)
                0x0000000000004478                init
 .text.analogReference
                0x0000000000004568       0x64 /home/will/Documents/ottobot/.build/mzero_pro_bl_dbg/core/core.a(wiring_analog.c.o)
                0x0000000000004568                analogReference
 .text.pinMode  0x00000000000045cc       0x98 /home/will/Documents/ottobot/.build/mzero_pro_bl_dbg/core/core.a(wiring_digital.c.o)
                0x00000000000045cc                pinMode
 .text.digitalWrite
                0x0000000000004664       0x58 /home/will/Documents/ottobot/.build/mzero_pro_bl_dbg/core/core.a(wiring_digital.c.o)
                0x0000000000004664                digitalWrite
 .text.pinPeripheral
                0x00000000000046bc       0xc0 /home/will/Documents/ottobot/.build/mzero_pro_bl_dbg/core/core.a(wiring_private.c.o)
                0x00000000000046bc                pinPeripheral
 .text.initiateReset
                0x000000000000477c       0x14 /home/will/Documents/ottobot/.build/mzero_pro_bl_dbg/core/core.a(Reset.cpp.o)
                0x000000000000477c                initiateReset
 .text.cancelReset
                0x0000000000004790       0x10 /home/will/Documents/ottobot/.build/mzero_pro_bl_dbg/core/core.a(Reset.cpp.o)
                0x0000000000004790                cancelReset
 .text.tickReset
                0x00000000000047a0       0x78 /home/will/Documents/ottobot/.build/mzero_pro_bl_dbg/core/core.a(Reset.cpp.o)
                0x00000000000047a0                tickReset
 .text._ZN6SERCOMC2EP6Sercom
                0x0000000000004818        0x4 /home/will/Documents/ottobot/.build/mzero_pro_bl_dbg/core/core.a(SERCOM.cpp.o)
                0x0000000000004818                SERCOM::SERCOM(Sercom*)
                0x0000000000004818                SERCOM::SERCOM(Sercom*)
 .text._ZN6SERCOM9initFrameE18SercomUartCharSize15SercomDataOrder16SercomParityMode19SercomNumberStopBit
                0x000000000000481c       0x3a /home/will/Documents/ottobot/.build/mzero_pro_bl_dbg/core/core.a(SERCOM.cpp.o)
                0x000000000000481c                SERCOM::initFrame(SercomUartCharSize, SercomDataOrder, SercomParityMode, SercomNumberStopBit)
 .text._ZN6SERCOM8initPadsE15SercomUartTXPad11SercomRXPad
                0x0000000000004856       0x26 /home/will/Documents/ottobot/.build/mzero_pro_bl_dbg/core/core.a(SERCOM.cpp.o)
                0x0000000000004856                SERCOM::initPads(SercomUartTXPad, SercomRXPad)
 .text._ZN6SERCOM9resetUARTEv
                0x000000000000487c       0x1a /home/will/Documents/ottobot/.build/mzero_pro_bl_dbg/core/core.a(SERCOM.cpp.o)
                0x000000000000487c                SERCOM::resetUART()
 .text._ZN6SERCOM10enableUARTEv
                0x0000000000004896       0x14 /home/will/Documents/ottobot/.build/mzero_pro_bl_dbg/core/core.a(SERCOM.cpp.o)
                0x0000000000004896                SERCOM::enableUART()
 .text._ZN6SERCOM9flushUARTEv
                0x00000000000048aa       0x10 /home/will/Documents/ottobot/.build/mzero_pro_bl_dbg/core/core.a(SERCOM.cpp.o)
                0x00000000000048aa                SERCOM::flushUART()
 .text._ZN6SERCOM15clearStatusUARTEv
                0x00000000000048ba        0x8 /home/will/Documents/ottobot/.build/mzero_pro_bl_dbg/core/core.a(SERCOM.cpp.o)
                0x00000000000048ba                SERCOM::clearStatusUART()
 .text._ZN6SERCOM17availableDataUARTEv
                0x00000000000048c2        0xa /home/will/Documents/ottobot/.build/mzero_pro_bl_dbg/core/core.a(SERCOM.cpp.o)
                0x00000000000048c2                SERCOM::availableDataUART()
 .text._ZN6SERCOM11isUARTErrorEv
                0x00000000000048cc        0x8 /home/will/Documents/ottobot/.build/mzero_pro_bl_dbg/core/core.a(SERCOM.cpp.o)
                0x00000000000048cc                SERCOM::isUARTError()
 .text._ZN6SERCOM20acknowledgeUARTErrorEv
                0x00000000000048d4        0xe /home/will/Documents/ottobot/.build/mzero_pro_bl_dbg/core/core.a(SERCOM.cpp.o)
                0x00000000000048d4                SERCOM::acknowledgeUARTError()
 .text._ZN6SERCOM16isFrameErrorUARTEv
                0x00000000000048e2        0xa /home/will/Documents/ottobot/.build/mzero_pro_bl_dbg/core/core.a(SERCOM.cpp.o)
                0x00000000000048e2                SERCOM::isFrameErrorUART()
 .text._ZN6SERCOM19clearFrameErrorUARTEv
                0x00000000000048ec        0xc /home/will/Documents/ottobot/.build/mzero_pro_bl_dbg/core/core.a(SERCOM.cpp.o)
                0x00000000000048ec                SERCOM::clearFrameErrorUART()
 .text._ZN6SERCOM23isDataRegisterEmptyUARTEv
                0x00000000000048f8        0xa /home/will/Documents/ottobot/.build/mzero_pro_bl_dbg/core/core.a(SERCOM.cpp.o)
                0x00000000000048f8                SERCOM::isDataRegisterEmptyUART()
 .text._ZN6SERCOM12readDataUARTEv
                0x0000000000004902        0x8 /home/will/Documents/ottobot/.build/mzero_pro_bl_dbg/core/core.a(SERCOM.cpp.o)
                0x0000000000004902                SERCOM::readDataUART()
 .text._ZN6SERCOM13writeDataUARTEh
                0x000000000000490a       0x10 /home/will/Documents/ottobot/.build/mzero_pro_bl_dbg/core/core.a(SERCOM.cpp.o)
                0x000000000000490a                SERCOM::writeDataUART(unsigned char)
 .text._ZN6SERCOM36enableDataRegisterEmptyInterruptUARTEv
                0x000000000000491a        0x8 /home/will/Documents/ottobot/.build/mzero_pro_bl_dbg/core/core.a(SERCOM.cpp.o)
                0x000000000000491a                SERCOM::enableDataRegisterEmptyInterruptUART()
 .text._ZN6SERCOM37disableDataRegisterEmptyInterruptUARTEv
                0x0000000000004922        0x8 /home/will/Documents/ottobot/.build/mzero_pro_bl_dbg/core/core.a(SERCOM.cpp.o)
                0x0000000000004922                SERCOM::disableDataRegisterEmptyInterruptUART()
 *fill*         0x000000000000492a        0x2 
 .text._ZN6SERCOM13initClockNVICEv
                0x000000000000492c       0xa8 /home/will/Documents/ottobot/.build/mzero_pro_bl_dbg/core/core.a(SERCOM.cpp.o)
                0x000000000000492c                SERCOM::initClockNVIC()
 .text._ZN6SERCOM8initUARTE14SercomUartMode20SercomUartSampleRatem
                0x00000000000049d4       0x6c /home/will/Documents/ottobot/.build/mzero_pro_bl_dbg/core/core.a(SERCOM.cpp.o)
                0x00000000000049d4                SERCOM::initUART(SercomUartMode, SercomUartSampleRate, unsigned long)
 .text._ZN4UartcvbEv
                0x0000000000004a40        0x4 /home/will/Documents/ottobot/.build/mzero_pro_bl_dbg/core/core.a(Uart.cpp.o)
                0x0000000000004a40                Uart::operator bool()
 .text._ZN4Uart5beginEm
                0x0000000000004a44       0x10 /home/will/Documents/ottobot/.build/mzero_pro_bl_dbg/core/core.a(Uart.cpp.o)
                0x0000000000004a44                Uart::begin(unsigned long)
 .text._ZN4Uart4peekEv
                0x0000000000004a54       0x1a /home/will/Documents/ottobot/.build/mzero_pro_bl_dbg/core/core.a(Uart.cpp.o)
                0x0000000000004a54                Uart::peek()
 .text._ZN4Uart3endEv
                0x0000000000004a6e       0x20 /home/will/Documents/ottobot/.build/mzero_pro_bl_dbg/core/core.a(Uart.cpp.o)
                0x0000000000004a6e                Uart::end()
 .text._ZN4Uart16extractNbStopBitEt
                0x0000000000004a8e        0xc /home/will/Documents/ottobot/.build/mzero_pro_bl_dbg/core/core.a(Uart.cpp.o)
                0x0000000000004a8e                Uart::extractNbStopBit(unsigned short)
 .text._ZN4Uart15extractCharSizeEt
                0x0000000000004a9a       0x28 /home/will/Documents/ottobot/.build/mzero_pro_bl_dbg/core/core.a(Uart.cpp.o)
                0x0000000000004a9a                Uart::extractCharSize(unsigned short)
 .text._ZN4Uart13extractParityEt
                0x0000000000004ac2       0x14 /home/will/Documents/ottobot/.build/mzero_pro_bl_dbg/core/core.a(Uart.cpp.o)
                0x0000000000004ac2                Uart::extractParity(unsigned short)
 *fill*         0x0000000000004ad6        0x2 
 .text._ZN4Uart5beginEmt
                0x0000000000004ad8       0xf8 /home/will/Documents/ottobot/.build/mzero_pro_bl_dbg/core/core.a(Uart.cpp.o)
                0x0000000000004ad8                Uart::begin(unsigned long, unsigned short)
 .text._ZN11RingBufferNILi256EEC2Ev
                0x0000000000004bd0       0x1c /home/will/Documents/ottobot/.build/mzero_pro_bl_dbg/core/core.a(Uart.cpp.o)
                0x0000000000004bd0                RingBufferN<256>::RingBufferN()
                0x0000000000004bd0                RingBufferN<256>::RingBufferN()
 .text._ZN4UartC2EP6SERCOMhh11SercomRXPad15SercomUartTXPad
                0x0000000000004bec       0x74 /home/will/Documents/ottobot/.build/mzero_pro_bl_dbg/core/core.a(Uart.cpp.o)
                0x0000000000004bec                Uart::Uart(SERCOM*, unsigned char, unsigned char, SercomRXPad, SercomUartTXPad)
                0x0000000000004bec                Uart::Uart(SERCOM*, unsigned char, unsigned char, SercomRXPad, SercomUartTXPad)
 .text._ZN11RingBufferNILi256EE9availableEv
                0x0000000000004c60       0x12 /home/will/Documents/ottobot/.build/mzero_pro_bl_dbg/core/core.a(Uart.cpp.o)
                0x0000000000004c60                RingBufferN<256>::available()
 .text._ZN4Uart5flushEv
                0x0000000000004c72       0x1a /home/will/Documents/ottobot/.build/mzero_pro_bl_dbg/core/core.a(Uart.cpp.o)
                0x0000000000004c72                Uart::flush()
 .text._ZN4Uart9availableEv
                0x0000000000004c8c        0xa /home/will/Documents/ottobot/.build/mzero_pro_bl_dbg/core/core.a(Uart.cpp.o)
                0x0000000000004c8c                Uart::available()
 .text._ZN11RingBufferNILi256EE17availableForStoreEv
                0x0000000000004c96       0x20 /home/will/Documents/ottobot/.build/mzero_pro_bl_dbg/core/core.a(Uart.cpp.o)
                0x0000000000004c96                RingBufferN<256>::availableForStore()
 .text._ZN4Uart17availableForWriteEv
                0x0000000000004cb6        0xc /home/will/Documents/ottobot/.build/mzero_pro_bl_dbg/core/core.a(Uart.cpp.o)
                0x0000000000004cb6                Uart::availableForWrite()
 .text._ZN4Uart10IrqHandlerEv
                0x0000000000004cc2       0xcc /home/will/Documents/ottobot/.build/mzero_pro_bl_dbg/core/core.a(Uart.cpp.o)
                0x0000000000004cc2                Uart::IrqHandler()
 *fill*         0x0000000000004d8e        0x2 
 .text._ZN4Uart5writeEh
                0x0000000000004d90       0xb4 /home/will/Documents/ottobot/.build/mzero_pro_bl_dbg/core/core.a(Uart.cpp.o)
                0x0000000000004d90                Uart::write(unsigned char)
 .text._ZN4Uart4readEv
                0x0000000000004e44       0x4c /home/will/Documents/ottobot/.build/mzero_pro_bl_dbg/core/core.a(Uart.cpp.o)
                0x0000000000004e44                Uart::read()
 .text._Z11initVariantv
                0x0000000000004e90        0x2 /home/will/Documents/ottobot/.build/mzero_pro_bl_dbg/core/core.a(main.cpp.o)
                0x0000000000004e90                initVariant()
 *fill*         0x0000000000004e92        0x2 
 .text.startup.main
                0x0000000000004e94       0x40 /home/will/Documents/ottobot/.build/mzero_pro_bl_dbg/core/core.a(main.cpp.o)
                0x0000000000004e94                main
 .text._ZN5Print5writeEPKhj
                0x0000000000004ed4       0x28 /home/will/Documents/ottobot/.build/mzero_pro_bl_dbg/core/core.a(Print.cpp.o)
                0x0000000000004ed4                Print::write(unsigned char const*, unsigned int)
 .text._ZN26DoubleBufferedEPOutHandlerD2Ev
                0x0000000000004efc        0x2 /home/will/Documents/ottobot/.build/mzero_pro_bl_dbg/core/core.a(USBCore.cpp.o)
                0x0000000000004efc                DoubleBufferedEPOutHandler::~DoubleBufferedEPOutHandler()
                0x0000000000004efc                DoubleBufferedEPOutHandler::~DoubleBufferedEPOutHandler()
 .text._ZN26DoubleBufferedEPOutHandlerD0Ev
                0x0000000000004efe        0xc /home/will/Documents/ottobot/.build/mzero_pro_bl_dbg/core/core.a(USBCore.cpp.o)
                0x0000000000004efe                DoubleBufferedEPOutHandler::~DoubleBufferedEPOutHandler()
 *fill*         0x0000000000004f0a        0x2 
 .text._ZN14USBDeviceClass6initEPEmm.part.7
                0x0000000000004f0c       0xc4 /home/will/Documents/ottobot/.build/mzero_pro_bl_dbg/core/core.a(USBCore.cpp.o)
 .text._ZN7__GuardC2Ev
                0x0000000000004fd0        0xe /home/will/Documents/ottobot/.build/mzero_pro_bl_dbg/core/core.a(USBCore.cpp.o)
                0x0000000000004fd0                __Guard::__Guard()
                0x0000000000004fd0                __Guard::__Guard()
 .text._ZN7__GuardD2Ev
                0x0000000000004fde        0xe /home/will/Documents/ottobot/.build/mzero_pro_bl_dbg/core/core.a(USBCore.cpp.o)
                0x0000000000004fde                __Guard::~__Guard()
                0x0000000000004fde                __Guard::~__Guard()
 .text._ZNK26DoubleBufferedEPOutHandler10_availableEv
                0x0000000000004fec       0x70 /home/will/Documents/ottobot/.build/mzero_pro_bl_dbg/core/core.a(USBCore.cpp.o)
                0x0000000000004fec                DoubleBufferedEPOutHandler::_available() const
 .text._ZN26DoubleBufferedEPOutHandler7releaseEv
                0x000000000000505c       0x3c /home/will/Documents/ottobot/.build/mzero_pro_bl_dbg/core/core.a(USBCore.cpp.o)
                0x000000000000505c                DoubleBufferedEPOutHandler::release()
 .text._ZN26DoubleBufferedEPOutHandler14handleEndpointEv
                0x0000000000005098       0xea /home/will/Documents/ottobot/.build/mzero_pro_bl_dbg/core/core.a(USBCore.cpp.o)
                0x0000000000005098                DoubleBufferedEPOutHandler::handleEndpoint()
 .text._ZN26DoubleBufferedEPOutHandler5_recvEv
                0x0000000000005182      0x198 /home/will/Documents/ottobot/.build/mzero_pro_bl_dbg/core/core.a(USBCore.cpp.o)
                0x0000000000005182                DoubleBufferedEPOutHandler::_recv()
 .text._ZN26DoubleBufferedEPOutHandler4peekEv
                0x000000000000531a       0x22 /home/will/Documents/ottobot/.build/mzero_pro_bl_dbg/core/core.a(USBCore.cpp.o)
                0x000000000000531a                DoubleBufferedEPOutHandler::peek()
 .text._ZN26DoubleBufferedEPOutHandler9availableEv
                0x000000000000533c       0x18 /home/will/Documents/ottobot/.build/mzero_pro_bl_dbg/core/core.a(USBCore.cpp.o)
                0x000000000000533c                DoubleBufferedEPOutHandler::available()
 .text._ZN26DoubleBufferedEPOutHandler4recvEPvm
                0x0000000000005354       0x72 /home/will/Documents/ottobot/.build/mzero_pro_bl_dbg/core/core.a(USBCore.cpp.o)
                0x0000000000005354                DoubleBufferedEPOutHandler::recv(void*, unsigned long)
 .text._ZN14USBDeviceClass14SendInterfacesEPm
                0x00000000000053c6       0x20 /home/will/Documents/ottobot/.build/mzero_pro_bl_dbg/core/core.a(USBCore.cpp.o)
                0x00000000000053c6                USBDeviceClass::SendInterfaces(unsigned long*)
 *fill*         0x00000000000053e6        0x2 
 .text._ZN14USBDeviceClass4initEv
                0x00000000000053e8      0x174 /home/will/Documents/ottobot/.build/mzero_pro_bl_dbg/core/core.a(USBCore.cpp.o)
                0x00000000000053e8                USBDeviceClass::init()
 .text._ZN14USBDeviceClass6attachEv
                0x000000000000555c       0x34 /home/will/Documents/ottobot/.build/mzero_pro_bl_dbg/core/core.a(USBCore.cpp.o)
                0x000000000000555c                USBDeviceClass::attach()
 .text._ZN14USBDeviceClass10setAddressEm
                0x0000000000005590       0x48 /home/will/Documents/ottobot/.build/mzero_pro_bl_dbg/core/core.a(USBCore.cpp.o)
                0x0000000000005590                USBDeviceClass::setAddress(unsigned long)
 .text._ZN14USBDeviceClass25handleClassInterfaceSetupER8USBSetup
                0x00000000000055d8       0x24 /home/will/Documents/ottobot/.build/mzero_pro_bl_dbg/core/core.a(USBCore.cpp.o)
                0x00000000000055d8                USBDeviceClass::handleClassInterfaceSetup(USBSetup&)
 .text._ZN14USBDeviceClass6initEPEmm
                0x00000000000055fc      0x120 /home/will/Documents/ottobot/.build/mzero_pro_bl_dbg/core/core.a(USBCore.cpp.o)
                0x00000000000055fc                USBDeviceClass::initEP(unsigned long, unsigned long)
 .text._ZN14USBDeviceClass13initEndpointsEv
                0x000000000000571c       0x24 /home/will/Documents/ottobot/.build/mzero_pro_bl_dbg/core/core.a(USBCore.cpp.o)
                0x000000000000571c                USBDeviceClass::initEndpoints()
 .text._ZN14USBDeviceClass5clearEm
                0x0000000000005740       0x38 /home/will/Documents/ottobot/.build/mzero_pro_bl_dbg/core/core.a(USBCore.cpp.o)
                0x0000000000005740                USBDeviceClass::clear(unsigned long)
 .text._ZN14USBDeviceClass9availableEm
                0x0000000000005778       0x2c /home/will/Documents/ottobot/.build/mzero_pro_bl_dbg/core/core.a(USBCore.cpp.o)
                0x0000000000005778                USBDeviceClass::available(unsigned long)
 .text._ZN14USBDeviceClass5flushEm
                0x00000000000057a4       0x2c /home/will/Documents/ottobot/.build/mzero_pro_bl_dbg/core/core.a(USBCore.cpp.o)
                0x00000000000057a4                USBDeviceClass::flush(unsigned long)
 .text._ZN14USBDeviceClass4recvEmPvm
                0x00000000000057d0       0xdc /home/will/Documents/ottobot/.build/mzero_pro_bl_dbg/core/core.a(USBCore.cpp.o)
                0x00000000000057d0                USBDeviceClass::recv(unsigned long, void*, unsigned long)
 .text._ZN14USBDeviceClass4recvEm
                0x00000000000058ac       0x1c /home/will/Documents/ottobot/.build/mzero_pro_bl_dbg/core/core.a(USBCore.cpp.o)
                0x00000000000058ac                USBDeviceClass::recv(unsigned long)
 .text._ZN14USBDeviceClass14armRecvCtrlOUTEm
                0x00000000000058c8       0x5c /home/will/Documents/ottobot/.build/mzero_pro_bl_dbg/core/core.a(USBCore.cpp.o)
                0x00000000000058c8                USBDeviceClass::armRecvCtrlOUT(unsigned long)
 .text._ZN14USBDeviceClass11recvControlEPvm
                0x0000000000005924       0x28 /home/will/Documents/ottobot/.build/mzero_pro_bl_dbg/core/core.a(USBCore.cpp.o)
                0x0000000000005924                USBDeviceClass::recvControl(void*, unsigned long)
 .text._ZN14USBDeviceClass4sendEmPKvm
                0x000000000000594c      0x124 /home/will/Documents/ottobot/.build/mzero_pro_bl_dbg/core/core.a(USBCore.cpp.o)
                0x000000000000594c                USBDeviceClass::send(unsigned long, void const*, unsigned long)
 .text._ZN14USBDeviceClass7armSendEmPKvm
                0x0000000000005a70       0x48 /home/will/Documents/ottobot/.build/mzero_pro_bl_dbg/core/core.a(USBCore.cpp.o)
                0x0000000000005a70                USBDeviceClass::armSend(unsigned long, void const*, unsigned long)
 .text._ZN14USBDeviceClass11sendControlEPKvm
                0x0000000000005ab8       0x54 /home/will/Documents/ottobot/.build/mzero_pro_bl_dbg/core/core.a(USBCore.cpp.o)
                0x0000000000005ab8                USBDeviceClass::sendControl(void const*, unsigned long)
 .text._ZN14USBDeviceClass20sendStringDescriptorEPKhm
                0x0000000000005b0c       0x64 /home/will/Documents/ottobot/.build/mzero_pro_bl_dbg/core/core.a(USBCore.cpp.o)
                0x0000000000005b0c                USBDeviceClass::sendStringDescriptor(unsigned char const*, unsigned long)
 .text._ZN14USBDeviceClass17sendConfigurationEm
                0x0000000000005b70       0x80 /home/will/Documents/ottobot/.build/mzero_pro_bl_dbg/core/core.a(USBCore.cpp.o)
                0x0000000000005b70                USBDeviceClass::sendConfiguration(unsigned long)
 .text._ZN14USBDeviceClass14sendDescriptorER8USBSetup
                0x0000000000005bf0       0xe0 /home/will/Documents/ottobot/.build/mzero_pro_bl_dbg/core/core.a(USBCore.cpp.o)
                0x0000000000005bf0                USBDeviceClass::sendDescriptor(USBSetup&)
 .text._ZN14USBDeviceClass7sendZlpEm
                0x0000000000005cd0       0x18 /home/will/Documents/ottobot/.build/mzero_pro_bl_dbg/core/core.a(USBCore.cpp.o)
                0x0000000000005cd0                USBDeviceClass::sendZlp(unsigned long)
 .text._ZN14USBDeviceClass19handleStandardSetupER8USBSetup
                0x0000000000005ce8       0xf0 /home/will/Documents/ottobot/.build/mzero_pro_bl_dbg/core/core.a(USBCore.cpp.o)
                0x0000000000005ce8                USBDeviceClass::handleStandardSetup(USBSetup&)
 .text._ZN14USBDeviceClass10ISRHandlerEv
                0x0000000000005dd8      0x150 /home/will/Documents/ottobot/.build/mzero_pro_bl_dbg/core/core.a(USBCore.cpp.o)
                0x0000000000005dd8                USBDeviceClass::ISRHandler()
 .text.UDD_Handler
                0x0000000000005f28       0x10 /home/will/Documents/ottobot/.build/mzero_pro_bl_dbg/core/core.a(USBCore.cpp.o)
                0x0000000000005f28                UDD_Handler
 .text.startup._GLOBAL__sub_I_usbd
                0x0000000000005f38       0x10 /home/will/Documents/ottobot/.build/mzero_pro_bl_dbg/core/core.a(USBCore.cpp.o)
 .text._Znwj    0x0000000000005f48        0x8 /home/will/Documents/ottobot/.build/mzero_pro_bl_dbg/core/core.a(new.cpp.o)
                0x0000000000005f48                operator new(unsigned int)
 .text._ZdlPv   0x0000000000005f50        0x8 /home/will/Documents/ottobot/.build/mzero_pro_bl_dbg/core/core.a(new.cpp.o)
                0x0000000000005f50                operator delete(void*)
 .text._ZN7Serial_13getDescriptorER8USBSetup
                0x0000000000005f58        0x4 /home/will/Documents/ottobot/.build/mzero_pro_bl_dbg/core/core.a(CDC.cpp.o)
                0x0000000000005f58                Serial_::getDescriptor(USBSetup&)
 .text._ZL5utox8mPc
                0x0000000000005f5c       0x24 /home/will/Documents/ottobot/.build/mzero_pro_bl_dbg/core/core.a(CDC.cpp.o)
 .text._ZN7Serial_12getShortNameEPc
                0x0000000000005f80       0x44 /home/will/Documents/ottobot/.build/mzero_pro_bl_dbg/core/core.a(CDC.cpp.o)
                0x0000000000005f80                Serial_::getShortName(char*)
 .text._ZThn16_N7Serial_12getShortNameEPc
                0x0000000000005fc4       0x10 /home/will/Documents/ottobot/.build/mzero_pro_bl_dbg/core/core.a(CDC.cpp.o)
                0x0000000000005fc4                non-virtual thunk to Serial_::getShortName(char*)
 .text._ZN7Serial_14handleEndpointEi
                0x0000000000005fd4        0x2 /home/will/Documents/ottobot/.build/mzero_pro_bl_dbg/core/core.a(CDC.cpp.o)
                0x0000000000005fd4                Serial_::handleEndpoint(int)
 .text._ZN7Serial_17availableForWriteEv
                0x0000000000005fd6        0x4 /home/will/Documents/ottobot/.build/mzero_pro_bl_dbg/core/core.a(CDC.cpp.o)
                0x0000000000005fd6                Serial_::availableForWrite()
 .text._ZN7Serial_5writeEh
                0x0000000000005fda       0x14 /home/will/Documents/ottobot/.build/mzero_pro_bl_dbg/core/core.a(CDC.cpp.o)
                0x0000000000005fda                Serial_::write(unsigned char)
 *fill*         0x0000000000005fee        0x2 
 .text._ZN7Serial_12getInterfaceEPh
                0x0000000000005ff0      0x11c /home/will/Documents/ottobot/.build/mzero_pro_bl_dbg/core/core.a(CDC.cpp.o)
                0x0000000000005ff0                Serial_::getInterface(unsigned char*)
 .text._ZThn16_N7Serial_12getInterfaceEPh
                0x000000000000610c       0x10 /home/will/Documents/ottobot/.build/mzero_pro_bl_dbg/core/core.a(CDC.cpp.o)
                0x000000000000610c                non-virtual thunk to Serial_::getInterface(unsigned char*)
 .text._ZN7Serial_5setupER8USBSetup
                0x000000000000611c       0xa8 /home/will/Documents/ottobot/.build/mzero_pro_bl_dbg/core/core.a(CDC.cpp.o)
                0x000000000000611c                Serial_::setup(USBSetup&)
 .text._ZThn16_N7Serial_5setupER8USBSetup
                0x00000000000061c4       0x10 /home/will/Documents/ottobot/.build/mzero_pro_bl_dbg/core/core.a(CDC.cpp.o)
                0x00000000000061c4                non-virtual thunk to Serial_::setup(USBSetup&)
 .text._ZN7Serial_9availableEv
                0x00000000000061d4       0x20 /home/will/Documents/ottobot/.build/mzero_pro_bl_dbg/core/core.a(CDC.cpp.o)
                0x00000000000061d4                Serial_::available()
 .text._ZN7Serial_5flushEv
                0x00000000000061f4        0xe /home/will/Documents/ottobot/.build/mzero_pro_bl_dbg/core/core.a(CDC.cpp.o)
                0x00000000000061f4                Serial_::flush()
 .text._ZN7Serial_5clearEv
                0x0000000000006202        0xe /home/will/Documents/ottobot/.build/mzero_pro_bl_dbg/core/core.a(CDC.cpp.o)
                0x0000000000006202                Serial_::clear()
 .text._ZN7Serial_5writeEPKhj
                0x0000000000006210       0x1e /home/will/Documents/ottobot/.build/mzero_pro_bl_dbg/core/core.a(CDC.cpp.o)
                0x0000000000006210                Serial_::write(unsigned char const*, unsigned int)
 *fill*         0x000000000000622e        0x2 
 .text._ZN7Serial_4peekEv
                0x0000000000006230       0x1c /home/will/Documents/ottobot/.build/mzero_pro_bl_dbg/core/core.a(CDC.cpp.o)
                0x0000000000006230                Serial_::peek()
 .text._ZN7Serial_4readEv
                0x000000000000624c       0x24 /home/will/Documents/ottobot/.build/mzero_pro_bl_dbg/core/core.a(CDC.cpp.o)
                0x000000000000624c                Serial_::read()
 .text._ZThn16_N7Serial_14handleEndpointEi
                0x0000000000006270        0x2 /home/will/Documents/ottobot/.build/mzero_pro_bl_dbg/core/core.a(CDC.cpp.o)
                0x0000000000006270                non-virtual thunk to Serial_::handleEndpoint(int)
 .text._ZThn16_N7Serial_13getDescriptorER8USBSetup
                0x0000000000006272        0x4 /home/will/Documents/ottobot/.build/mzero_pro_bl_dbg/core/core.a(CDC.cpp.o)
                0x0000000000006272                non-virtual thunk to Serial_::getDescriptor(USBSetup&)
 *fill*         0x0000000000006276        0x2 
 .text._ZN7Serial_C2ER14USBDeviceClass
                0x0000000000006278       0x50 /home/will/Documents/ottobot/.build/mzero_pro_bl_dbg/core/core.a(CDC.cpp.o)
                0x0000000000006278                Serial_::Serial_(USBDeviceClass&)
                0x0000000000006278                Serial_::Serial_(USBDeviceClass&)
 .text._ZN7Serial_15enableInterruptEv
                0x00000000000062c8       0x30 /home/will/Documents/ottobot/.build/mzero_pro_bl_dbg/core/core.a(CDC.cpp.o)
                0x00000000000062c8                Serial_::enableInterrupt()
 .text._ZN7Serial_5beginEm
                0x00000000000062f8        0x2 /home/will/Documents/ottobot/.build/mzero_pro_bl_dbg/core/core.a(CDC.cpp.o)
                0x00000000000062f8                Serial_::begin(unsigned long)
 *fill*         0x00000000000062fa        0x2 
 .text.startup._GLOBAL__sub_I__ZN7Serial_12getInterfaceEPh
                0x00000000000062fc       0x14 /home/will/Documents/ottobot/.build/mzero_pro_bl_dbg/core/core.a(CDC.cpp.o)
 .text._ZN13PluggableUSB_12getInterfaceEPh
                0x0000000000006310       0x28 /home/will/Documents/ottobot/.build/mzero_pro_bl_dbg/core/core.a(PluggableUSB.cpp.o)
                0x0000000000006310                PluggableUSB_::getInterface(unsigned char*)
 .text._ZN13PluggableUSB_13getDescriptorER8USBSetup
                0x0000000000006338       0x20 /home/will/Documents/ottobot/.build/mzero_pro_bl_dbg/core/core.a(PluggableUSB.cpp.o)
                0x0000000000006338                PluggableUSB_::getDescriptor(USBSetup&)
 .text._ZN13PluggableUSB_12getShortNameEPc
                0x0000000000006358       0x26 /home/will/Documents/ottobot/.build/mzero_pro_bl_dbg/core/core.a(PluggableUSB.cpp.o)
                0x0000000000006358                PluggableUSB_::getShortName(char*)
 .text._ZN13PluggableUSB_5setupER8USBSetup
                0x000000000000637e       0x20 /home/will/Documents/ottobot/.build/mzero_pro_bl_dbg/core/core.a(PluggableUSB.cpp.o)
                0x000000000000637e                PluggableUSB_::setup(USBSetup&)
 .text._ZN13PluggableUSB_14handleEndpointEi
                0x000000000000639e       0x1a /home/will/Documents/ottobot/.build/mzero_pro_bl_dbg/core/core.a(PluggableUSB.cpp.o)
                0x000000000000639e                PluggableUSB_::handleEndpoint(int)
 .text._ZN13PluggableUSB_4plugEP18PluggableUSBModule
                0x00000000000063b8       0x58 /home/will/Documents/ottobot/.build/mzero_pro_bl_dbg/core/core.a(PluggableUSB.cpp.o)
                0x00000000000063b8                PluggableUSB_::plug(PluggableUSBModule*)
 .text._Z12PluggableUSBv
                0x0000000000006410       0x24 /home/will/Documents/ottobot/.build/mzero_pro_bl_dbg/core/core.a(PluggableUSB.cpp.o)
                0x0000000000006410                PluggableUSB()
 .text          0x0000000000006434       0x14 /home/will/.arduino15/packages/arduino/tools/arm-none-eabi-gcc/7-2017q4/bin/../lib/gcc/arm-none-eabi/7.2.1/thumb/v6-m/libgcc.a(_thumb1_case_uqi.o)
                0x0000000000006434                __gnu_thumb1_case_uqi
 .text          0x0000000000006448      0x114 /home/will/.arduino15/packages/arduino/tools/arm-none-eabi-gcc/7-2017q4/bin/../lib/gcc/arm-none-eabi/7.2.1/thumb/v6-m/libgcc.a(_udivsi3.o)
                0x0000000000006448                __udivsi3
                0x0000000000006448                __aeabi_uidiv
                0x0000000000006554                __aeabi_uidivmod
 .text          0x000000000000655c        0x4 /home/will/.arduino15/packages/arduino/tools/arm-none-eabi-gcc/7-2017q4/bin/../lib/gcc/arm-none-eabi/7.2.1/thumb/v6-m/libgcc.a(_dvmd_tls.o)
                0x000000000000655c                __aeabi_ldiv0
                0x000000000000655c                __aeabi_idiv0
 .text.__libc_init_array
                0x0000000000006560       0x48 /home/will/.arduino15/packages/arduino/tools/arm-none-eabi-gcc/7-2017q4/bin/../lib/gcc/arm-none-eabi/7.2.1/../../../../arm-none-eabi/lib/thumb/v6-m/libc_nano.a(lib_a-init.o)
                0x0000000000006560                __libc_init_array
 .text.malloc   0x00000000000065a8       0x14 /home/will/.arduino15/packages/arduino/tools/arm-none-eabi-gcc/7-2017q4/bin/../lib/gcc/arm-none-eabi/7.2.1/../../../../arm-none-eabi/lib/thumb/v6-m/libc_nano.a(lib_a-malloc.o)
                0x00000000000065a8                malloc
 .text.free     0x00000000000065bc       0x14 /home/will/.arduino15/packages/arduino/tools/arm-none-eabi-gcc/7-2017q4/bin/../lib/gcc/arm-none-eabi/7.2.1/../../../../arm-none-eabi/lib/thumb/v6-m/libc_nano.a(lib_a-malloc.o)
                0x00000000000065bc                free
 .text.memcpy   0x00000000000065d0       0x12 /home/will/.arduino15/packages/arduino/tools/arm-none-eabi-gcc/7-2017q4/bin/../lib/gcc/arm-none-eabi/7.2.1/../../../../arm-none-eabi/lib/thumb/v6-m/libc_nano.a(lib_a-memcpy-stub.o)
                0x00000000000065d0                memcpy
 .text.memset   0x00000000000065e2       0x10 /home/will/.arduino15/packages/arduino/tools/arm-none-eabi-gcc/7-2017q4/bin/../lib/gcc/arm-none-eabi/7.2.1/../../../../arm-none-eabi/lib/thumb/v6-m/libc_nano.a(lib_a-memset.o)
                0x00000000000065e2                memset
 *fill*         0x00000000000065f2        0x2 
 .text._free_r  0x00000000000065f4       0x94 /home/will/.arduino15/packages/arduino/tools/arm-none-eabi-gcc/7-2017q4/bin/../lib/gcc/arm-none-eabi/7.2.1/../../../../arm-none-eabi/lib/thumb/v6-m/libc_nano.a(lib_a-nano-freer.o)
                0x00000000000065f4                _free_r
 .text._malloc_r
                0x0000000000006688       0xbc /home/will/.arduino15/packages/arduino/tools/arm-none-eabi-gcc/7-2017q4/bin/../lib/gcc/arm-none-eabi/7.2.1/../../../../arm-none-eabi/lib/thumb/v6-m/libc_nano.a(lib_a-nano-mallocr.o)
                0x0000000000006688                _malloc_r
 .text._sbrk_r  0x0000000000006744       0x24 /home/will/.arduino15/packages/arduino/tools/arm-none-eabi-gcc/7-2017q4/bin/../lib/gcc/arm-none-eabi/7.2.1/../../../../arm-none-eabi/lib/thumb/v6-m/libc_nano.a(lib_a-sbrkr.o)
                0x0000000000006744                _sbrk_r
 .text          0x0000000000006768        0xe /home/will/.arduino15/packages/arduino/tools/arm-none-eabi-gcc/7-2017q4/bin/../lib/gcc/arm-none-eabi/7.2.1/../../../../arm-none-eabi/lib/thumb/v6-m/libc_nano.a(lib_a-strlen.o)
                0x0000000000006768                strlen
 .text.__malloc_lock
                0x0000000000006776        0x2 /home/will/.arduino15/packages/arduino/tools/arm-none-eabi-gcc/7-2017q4/bin/../lib/gcc/arm-none-eabi/7.2.1/../../../../arm-none-eabi/lib/thumb/v6-m/libc_nano.a(lib_a-mlock.o)
                0x0000000000006776                __malloc_lock
 .text.__malloc_unlock
                0x0000000000006778        0x2 /home/will/.arduino15/packages/arduino/tools/arm-none-eabi-gcc/7-2017q4/bin/../lib/gcc/arm-none-eabi/7.2.1/../../../../arm-none-eabi/lib/thumb/v6-m/libc_nano.a(lib_a-mlock.o)
                0x0000000000006778                __malloc_unlock
 *fill*         0x000000000000677a        0x2 
 .text._sbrk    0x000000000000677c       0x1c /home/will/.arduino15/packages/arduino/tools/arm-none-eabi-gcc/7-2017q4/bin/../lib/gcc/arm-none-eabi/7.2.1/../../../../arm-none-eabi/lib/thumb/v6-m/libnosys.a(sbrk.o)
                0x000000000000677c                _sbrk
 *(.init)
 .init          0x0000000000006798        0x4 /home/will/.arduino15/packages/arduino/tools/arm-none-eabi-gcc/7-2017q4/bin/../lib/gcc/arm-none-eabi/7.2.1/thumb/v6-m/crti.o
                0x0000000000006798                _init
 .init          0x000000000000679c        0x8 /home/will/.arduino15/packages/arduino/tools/arm-none-eabi-gcc/7-2017q4/bin/../lib/gcc/arm-none-eabi/7.2.1/thumb/v6-m/crtn.o
 *(.fini)
 .fini          0x00000000000067a4        0x4 /home/will/.arduino15/packages/arduino/tools/arm-none-eabi-gcc/7-2017q4/bin/../lib/gcc/arm-none-eabi/7.2.1/thumb/v6-m/crti.o
                0x00000000000067a4                _fini
 .fini          0x00000000000067a8        0x8 /home/will/.arduino15/packages/arduino/tools/arm-none-eabi-gcc/7-2017q4/bin/../lib/gcc/arm-none-eabi/7.2.1/thumb/v6-m/crtn.o
 *crtbegin.o(.ctors)
 *crtbegin?.o(.ctors)
 *(EXCLUDE_FILE(*crtend.o *crtend?.o) .ctors)
 *(SORT_BY_NAME(.ctors.*))
 *(.ctors)
 *crtbegin.o(.dtors)
 *crtbegin?.o(.dtors)
 *(EXCLUDE_FILE(*crtend.o *crtend?.o) .dtors)
 *(SORT_BY_NAME(.dtors.*))
 *(.dtors)
 *(.rodata*)
 .rodata.g_APinDescription
                0x00000000000067b0      0x480 /home/will/Documents/ottobot/.build/mzero_pro_bl_dbg/core/variant.cpp.o
                0x00000000000067b0                g_APinDescription
 .rodata._ZTV4Uart
                0x0000000000006c30       0x34 /home/will/Documents/ottobot/.build/mzero_pro_bl_dbg/core/core.a(Uart.cpp.o)
                0x0000000000006c30                vtable for Uart
 .rodata._ZTV26DoubleBufferedEPOutHandler
                0x0000000000006c64       0x24 /home/will/Documents/ottobot/.build/mzero_pro_bl_dbg/core/core.a(USBCore.cpp.o)
                0x0000000000006c64                vtable for DoubleBufferedEPOutHandler
 .rodata._ZL14STRING_PRODUCT
                0x0000000000006c88        0xf /home/will/Documents/ottobot/.build/mzero_pro_bl_dbg/core/core.a(USBCore.cpp.o)
 *fill*         0x0000000000006c97        0x1 
 .rodata._ZL15STRING_LANGUAGE
                0x0000000000006c98        0x4 /home/will/Documents/ottobot/.build/mzero_pro_bl_dbg/core/core.a(USBCore.cpp.o)
 .rodata._ZL19STRING_MANUFACTURER
                0x0000000000006c9c        0x8 /home/will/Documents/ottobot/.build/mzero_pro_bl_dbg/core/core.a(USBCore.cpp.o)
 .rodata._ZL21USB_DeviceDescriptorB
                0x0000000000006ca4       0x12 /home/will/Documents/ottobot/.build/mzero_pro_bl_dbg/core/core.a(USBCore.cpp.o)
 *fill*         0x0000000000006cb6        0x2 
 .rodata._ZTV7Serial_
                0x0000000000006cb8       0x58 /home/will/Documents/ottobot/.build/mzero_pro_bl_dbg/core/core.a(CDC.cpp.o)
                0x0000000000006cb8                vtable for Serial_
 *(.eh_frame*)
 .eh_frame      0x0000000000006d10        0x0 /home/will/.arduino15/packages/arduino/tools/arm-none-eabi-gcc/7-2017q4/bin/../lib/gcc/arm-none-eabi/7.2.1/thumb/v6-m/crtbegin.o
 .eh_frame      0x0000000000006d10        0x4 /home/will/.arduino15/packages/arduino/tools/arm-none-eabi-gcc/7-2017q4/bin/../lib/gcc/arm-none-eabi/7.2.1/thumb/v6-m/crtend.o

.glue_7         0x0000000000006d14        0x0
 .glue_7        0x0000000000006d14        0x0 linker stubs

.glue_7t        0x0000000000006d14        0x0
 .glue_7t       0x0000000000006d14        0x0 linker stubs

.vfp11_veneer   0x0000000000006d14        0x0
 .vfp11_veneer  0x0000000000006d14        0x0 linker stubs

.v4_bx          0x0000000000006d14        0x0
 .v4_bx         0x0000000000006d14        0x0 linker stubs

.iplt           0x0000000000006d14        0x0
 .iplt          0x0000000000006d14        0x0 /home/will/.arduino15/packages/arduino/tools/arm-none-eabi-gcc/7-2017q4/bin/../lib/gcc/arm-none-eabi/7.2.1/thumb/v6-m/crtbegin.o

.rel.dyn        0x0000000000006d14        0x0
 .rel.iplt      0x0000000000006d14        0x0 /home/will/.arduino15/packages/arduino/tools/arm-none-eabi-gcc/7-2017q4/bin/../lib/gcc/arm-none-eabi/7.2.1/thumb/v6-m/crtbegin.o

.ARM.extab
 *(.ARM.extab* .gnu.linkonce.armextab.*)
                0x0000000000006d14                __exidx_start = .

.ARM.exidx
 *(.ARM.exidx* .gnu.linkonce.armexidx.*)
                0x0000000000006d14                __exidx_end = .
                0x0000000000006d14                __etext = .

.data           0x0000000020000000       0x90 load address 0x0000000000006d14
                0x0000000020000000                __data_start__ = .
 *(vtable)
 *(.data*)
 .data.SystemCoreClock
                0x0000000020000000        0x4 /home/will/Documents/ottobot/.build/mzero_pro_bl_dbg/core/core.a(wiring.c.o)
                0x0000000020000000                SystemCoreClock
 .data._ZL5ticks
                0x0000000020000004        0x4 /home/will/Documents/ottobot/.build/mzero_pro_bl_dbg/core/core.a(Reset.cpp.o)
 .data._ZL10breakValue
                0x0000000020000008        0x4 /home/will/Documents/ottobot/.build/mzero_pro_bl_dbg/core/core.a(CDC.cpp.o)
 .data._ZL12_usbLineInfo
                0x000000002000000c        0x8 /home/will/Documents/ottobot/.build/mzero_pro_bl_dbg/core/core.a(CDC.cpp.o)
 .data._serialPeek
                0x0000000020000014        0x4 /home/will/Documents/ottobot/.build/mzero_pro_bl_dbg/core/core.a(CDC.cpp.o)
                0x0000000020000014                _serialPeek
 .data._impure_ptr
                0x0000000020000018        0x4 /home/will/.arduino15/packages/arduino/tools/arm-none-eabi-gcc/7-2017q4/bin/../lib/gcc/arm-none-eabi/7.2.1/../../../../arm-none-eabi/lib/thumb/v6-m/libc_nano.a(lib_a-impure.o)
                0x0000000020000018                _impure_ptr
 .data.impure_data
                0x000000002000001c       0x60 /home/will/.arduino15/packages/arduino/tools/arm-none-eabi-gcc/7-2017q4/bin/../lib/gcc/arm-none-eabi/7.2.1/../../../../arm-none-eabi/lib/thumb/v6-m/libc_nano.a(lib_a-impure.o)
                0x000000002000007c                . = ALIGN (0x4)
                0x000000002000007c                PROVIDE (__preinit_array_start, .)
 *(.preinit_array)
                0x000000002000007c                PROVIDE (__preinit_array_end, .)
                0x000000002000007c                . = ALIGN (0x4)
                0x000000002000007c                PROVIDE (__init_array_start, .)
 *(SORT_BY_NAME(.init_array.*))
 *(.init_array)
 .init_array    0x000000002000007c        0x4 /home/will/.arduino15/packages/arduino/tools/arm-none-eabi-gcc/7-2017q4/bin/../lib/gcc/arm-none-eabi/7.2.1/thumb/v6-m/crtbegin.o
 .init_array    0x0000000020000080        0x4 /home/will/Documents/ottobot/.build/mzero_pro_bl_dbg/core/variant.cpp.o
 .init_array    0x0000000020000084        0x4 /home/will/Documents/ottobot/.build/mzero_pro_bl_dbg/core/core.a(USBCore.cpp.o)
 .init_array    0x0000000020000088        0x4 /home/will/Documents/ottobot/.build/mzero_pro_bl_dbg/core/core.a(CDC.cpp.o)
                0x000000002000008c                PROVIDE (__init_array_end, .)
                0x000000002000008c                . = ALIGN (0x4)
                [!provide]                        PROVIDE (__fini_array_start, .)
 *(SORT_BY_NAME(.fini_array.*))
 *(.fini_array)
 .fini_array    0x000000002000008c        0x4 /home/will/.arduino15/packages/arduino/tools/arm-none-eabi-gcc/7-2017q4/bin/../lib/gcc/arm-none-eabi/7.2.1/thumb/v6-m/crtbegin.o
                [!provide]                        PROVIDE (__fini_array_end, .)
 *(.jcr*)
                0x0000000020000090                . = ALIGN (0x4)
                0x0000000020000090                __data_end__ = .

.igot.plt       0x0000000020000090        0x0 load address 0x0000000000006da4
 .igot.plt      0x0000000020000090        0x0 /home/will/.arduino15/packages/arduino/tools/arm-none-eabi-gcc/7-2017q4/bin/../lib/gcc/arm-none-eabi/7.2.1/thumb/v6-m/crtbegin.o

.bss            0x0000000020000090      0xae8 load address 0x0000000000006da4
                0x0000000020000090                . = ALIGN (0x4)
                0x0000000020000090                __bss_start__ = .
 *(.bss*)
 .bss           0x0000000020000090       0x1c /home/will/.arduino15/packages/arduino/tools/arm-none-eabi-gcc/7-2017q4/bin/../lib/gcc/arm-none-eabi/7.2.1/thumb/v6-m/crtbegin.o
 .bss.Serial    0x00000000200000ac      0x23c /home/will/Documents/ottobot/.build/mzero_pro_bl_dbg/core/variant.cpp.o
                0x00000000200000ac                Serial
 .bss.Serial1   0x00000000200002e8      0x23c /home/will/Documents/ottobot/.build/mzero_pro_bl_dbg/core/variant.cpp.o
                0x00000000200002e8                Serial1
 .bss.sercom0   0x0000000020000524        0x4 /home/will/Documents/ottobot/.build/mzero_pro_bl_dbg/core/variant.cpp.o
                0x0000000020000524                sercom0
 .bss.sercom1   0x0000000020000528        0x4 /home/will/Documents/ottobot/.build/mzero_pro_bl_dbg/core/variant.cpp.o
                0x0000000020000528                sercom1
 .bss.sercom2   0x000000002000052c        0x4 /home/will/Documents/ottobot/.build/mzero_pro_bl_dbg/core/variant.cpp.o
                0x000000002000052c                sercom2
 .bss.sercom3   0x0000000020000530        0x4 /home/will/Documents/ottobot/.build/mzero_pro_bl_dbg/core/variant.cpp.o
                0x0000000020000530                sercom3
 .bss.sercom4   0x0000000020000534        0x4 /home/will/Documents/ottobot/.build/mzero_pro_bl_dbg/core/variant.cpp.o
                0x0000000020000534                sercom4
 .bss.sercom5   0x0000000020000538        0x4 /home/will/Documents/ottobot/.build/mzero_pro_bl_dbg/core/variant.cpp.o
                0x0000000020000538                sercom5
 .bss.usb_isr   0x000000002000053c        0x4 /home/will/Documents/ottobot/.build/mzero_pro_bl_dbg/core/core.a(cortex_handlers.c.o)
 .bss._ulTickCount
                0x0000000020000540        0x4 /home/will/Documents/ottobot/.build/mzero_pro_bl_dbg/core/core.a(delay.c.o)
 .bss.EndPoints
                0x0000000020000544       0x28 /home/will/Documents/ottobot/.build/mzero_pro_bl_dbg/core/core.a(USBCore.cpp.o)
                0x0000000020000544                EndPoints
 .bss.USBDevice
                0x000000002000056c        0x1 /home/will/Documents/ottobot/.build/mzero_pro_bl_dbg/core/core.a(USBCore.cpp.o)
                0x000000002000056c                USBDevice
 *fill*         0x000000002000056d        0x3 
 .bss._ZL10epHandlers
                0x0000000020000570       0x1c /home/will/Documents/ottobot/.build/mzero_pro_bl_dbg/core/core.a(USBCore.cpp.o)
 .bss._ZL10rxLEDPulse
                0x000000002000058c        0x1 /home/will/Documents/ottobot/.build/mzero_pro_bl_dbg/core/core.a(USBCore.cpp.o)
 .bss._ZL10txLEDPulse
                0x000000002000058d        0x1 /home/will/Documents/ottobot/.build/mzero_pro_bl_dbg/core/core.a(USBCore.cpp.o)
 .bss._ZL14isEndpointHalt
                0x000000002000058e        0x1 /home/will/Documents/ottobot/.build/mzero_pro_bl_dbg/core/core.a(USBCore.cpp.o)
 .bss._ZL20LastTransmitTimedOut
                0x000000002000058f        0x7 /home/will/Documents/ottobot/.build/mzero_pro_bl_dbg/core/core.a(USBCore.cpp.o)
 .bss._ZL21isRemoteWakeUpEnabled
                0x0000000020000596        0x1 /home/will/Documents/ottobot/.build/mzero_pro_bl_dbg/core/core.a(USBCore.cpp.o)
 *fill*         0x0000000020000597        0x1 
 .bss._ZL22udd_ep_in_cache_buffer
                0x0000000020000598      0x1c0 /home/will/Documents/ottobot/.build/mzero_pro_bl_dbg/core/core.a(USBCore.cpp.o)
 .bss._ZL23udd_ep_out_cache_buffer
                0x0000000020000758      0x1c0 /home/will/Documents/ottobot/.build/mzero_pro_bl_dbg/core/core.a(USBCore.cpp.o)
 .bss._dry_run  0x0000000020000918        0x1 /home/will/Documents/ottobot/.build/mzero_pro_bl_dbg/core/core.a(USBCore.cpp.o)
                0x0000000020000918                _dry_run
 .bss._pack_buffer
                0x0000000020000919      0x100 /home/will/Documents/ottobot/.build/mzero_pro_bl_dbg/core/core.a(USBCore.cpp.o)
                0x0000000020000919                _pack_buffer
 .bss._pack_message
                0x0000000020000a19        0x1 /home/will/Documents/ottobot/.build/mzero_pro_bl_dbg/core/core.a(USBCore.cpp.o)
                0x0000000020000a19                _pack_message
 .bss._pack_size
                0x0000000020000a1a        0x2 /home/will/Documents/ottobot/.build/mzero_pro_bl_dbg/core/core.a(USBCore.cpp.o)
                0x0000000020000a1a                _pack_size
 .bss._usbConfiguration
                0x0000000020000a1c        0x4 /home/will/Documents/ottobot/.build/mzero_pro_bl_dbg/core/core.a(USBCore.cpp.o)
                0x0000000020000a1c                _usbConfiguration
 .bss._usbSetInterface
                0x0000000020000a20        0x4 /home/will/Documents/ottobot/.build/mzero_pro_bl_dbg/core/core.a(USBCore.cpp.o)
                0x0000000020000a20                _usbSetInterface
 .bss.usbd      0x0000000020000a24      0x104 /home/will/Documents/ottobot/.build/mzero_pro_bl_dbg/core/core.a(USBCore.cpp.o)
                0x0000000020000a24                usbd
 .bss.SerialUSB
                0x0000000020000b28       0x34 /home/will/Documents/ottobot/.build/mzero_pro_bl_dbg/core/core.a(CDC.cpp.o)
                0x0000000020000b28                SerialUSB
 .bss._ZGVZ12PluggableUSBvE3obj
                0x0000000020000b5c        0x4 /home/will/Documents/ottobot/.build/mzero_pro_bl_dbg/core/core.a(PluggableUSB.cpp.o)
 .bss._ZZ12PluggableUSBvE3obj
                0x0000000020000b60        0x8 /home/will/Documents/ottobot/.build/mzero_pro_bl_dbg/core/core.a(PluggableUSB.cpp.o)
 .bss.__malloc_free_list
                0x0000000020000b68        0x4 /home/will/.arduino15/packages/arduino/tools/arm-none-eabi-gcc/7-2017q4/bin/../lib/gcc/arm-none-eabi/7.2.1/../../../../arm-none-eabi/lib/thumb/v6-m/libc_nano.a(lib_a-nano-mallocr.o)
                0x0000000020000b68                __malloc_free_list
 .bss.__malloc_sbrk_start
                0x0000000020000b6c        0x4 /home/will/.arduino15/packages/arduino/tools/arm-none-eabi-gcc/7-2017q4/bin/../lib/gcc/arm-none-eabi/7.2.1/../../../../arm-none-eabi/lib/thumb/v6-m/libc_nano.a(lib_a-nano-mallocr.o)
                0x0000000020000b6c                __malloc_sbrk_start
 .bss.heap_end.4102
                0x0000000020000b70        0x4 /home/will/.arduino15/packages/arduino/tools/arm-none-eabi-gcc/7-2017q4/bin/../lib/gcc/arm-none-eabi/7.2.1/../../../../arm-none-eabi/lib/thumb/v6-m/libnosys.a(sbrk.o)
 *(COMMON)
 COMMON         0x0000000020000b74        0x4 /home/will/.arduino15/packages/arduino/tools/arm-none-eabi-gcc/7-2017q4/bin/../lib/gcc/arm-none-eabi/7.2.1/../../../../arm-none-eabi/lib/thumb/v6-m/libc_nano.a(lib_a-reent.o)
                0x0000000020000b74                errno
                0x0000000020000b78                . = ALIGN (0x4)
                0x0000000020000b78                __bss_end__ = .

.heap           0x0000000020000b78        0x0
                0x0000000020000b78                __end__ = .
                0x0000000020000b78                PROVIDE (end, .)
 *(.heap*)
                0x0000000020000b78                __HeapLimit = .

.stack_dummy    0x0000000020000b78        0x0
 *(.stack*)
                0x0000000020008000                __StackTop = (ORIGIN (RAM) + LENGTH (RAM))
                0x0000000020008000                __StackLimit = (__StackTop - SIZEOF (.stack_dummy))
                0x0000000020008000                PROVIDE (__stack, __StackTop)
                0x0000000020007fff                __ram_end__ = ((ORIGIN (RAM) + LENGTH (RAM)) - 0x1)
                0x0000000000000001                ASSERT ((__StackLimit >= __HeapLimit), region RAM overflowed with stack)
OUTPUT(/home/will/Documents/ottobot/.build/mzero_pro_bl_dbg/test.ino.elf elf32-littlearm)

.ARM.attributes
                0x0000000000000000       0x28
 .ARM.attributes
                0x0000000000000000       0x1e /home/will/.arduino15/packages/arduino/tools/arm-none-eabi-gcc/7-2017q4/bin/../lib/gcc/arm-none-eabi/7.2.1/thumb/v6-m/crti.o
 .ARM.attributes
                0x000000000000001e       0x2c /home/will/.arduino15/packages/arduino/tools/arm-none-eabi-gcc/7-2017q4/bin/../lib/gcc/arm-none-eabi/7.2.1/thumb/v6-m/crtbegin.o
 .ARM.attributes
                0x000000000000004a       0x32 /home/will/Documents/ottobot/.build/mzero_pro_bl_dbg/sketch/test.ino.cpp.o
 .ARM.attributes
                0x000000000000007c       0x32 /home/will/Documents/ottobot/.build/mzero_pro_bl_dbg/core/variant.cpp.o
 .ARM.attributes
                0x00000000000000ae       0x32 /home/will/Documents/ottobot/.build/mzero_pro_bl_dbg/core/core.a(cortex_handlers.c.o)
 .ARM.attributes
                0x00000000000000e0       0x32 /home/will/Documents/ottobot/.build/mzero_pro_bl_dbg/core/core.a(delay.c.o)
 .ARM.attributes
                0x0000000000000112       0x32 /home/will/Documents/ottobot/.build/mzero_pro_bl_dbg/core/core.a(hooks.c.o)
 .ARM.attributes
                0x0000000000000144       0x32 /home/will/Documents/ottobot/.build/mzero_pro_bl_dbg/core/core.a(startup.c.o)
 .ARM.attributes
                0x0000000000000176       0x32 /home/will/Documents/ottobot/.build/mzero_pro_bl_dbg/core/core.a(wiring.c.o)
 .ARM.attributes
                0x00000000000001a8       0x32 /home/will/Documents/ottobot/.build/mzero_pro_bl_dbg/core/core.a(wiring_analog.c.o)
 .ARM.attributes
                0x00000000000001da       0x32 /home/will/Documents/ottobot/.build/mzero_pro_bl_dbg/core/core.a(wiring_digital.c.o)
 .ARM.attributes
                0x000000000000020c       0x32 /home/will/Documents/ottobot/.build/mzero_pro_bl_dbg/core/core.a(wiring_private.c.o)
 .ARM.attributes
                0x000000000000023e       0x32 /home/will/Documents/ottobot/.build/mzero_pro_bl_dbg/core/core.a(Reset.cpp.o)
 .ARM.attributes
                0x0000000000000270       0x32 /home/will/Documents/ottobot/.build/mzero_pro_bl_dbg/core/core.a(SERCOM.cpp.o)
 .ARM.attributes
                0x00000000000002a2       0x32 /home/will/Documents/ottobot/.build/mzero_pro_bl_dbg/core/core.a(Uart.cpp.o)
 .ARM.attributes
                0x00000000000002d4       0x32 /home/will/Documents/ottobot/.build/mzero_pro_bl_dbg/core/core.a(main.cpp.o)
 .ARM.attributes
                0x0000000000000306       0x32 /home/will/Documents/ottobot/.build/mzero_pro_bl_dbg/core/core.a(Print.cpp.o)
 .ARM.attributes
                0x0000000000000338       0x32 /home/will/Documents/ottobot/.build/mzero_pro_bl_dbg/core/core.a(USBCore.cpp.o)
 .ARM.attributes
                0x000000000000036a       0x32 /home/will/Documents/ottobot/.build/mzero_pro_bl_dbg/core/core.a(new.cpp.o)
 .ARM.attributes
                0x000000000000039c       0x32 /home/will/Documents/ottobot/.build/mzero_pro_bl_dbg/core/core.a(CDC.cpp.o)
 .ARM.attributes
                0x00000000000003ce       0x32 /home/will/Documents/ottobot/.build/mzero_pro_bl_dbg/core/core.a(PluggableUSB.cpp.o)
 .ARM.attributes
                0x0000000000000400       0x1e /home/will/.arduino15/packages/arduino/tools/arm-none-eabi-gcc/7-2017q4/bin/../lib/gcc/arm-none-eabi/7.2.1/thumb/v6-m/libgcc.a(_thumb1_case_uqi.o)
 .ARM.attributes
                0x000000000000041e       0x1e /home/will/.arduino15/packages/arduino/tools/arm-none-eabi-gcc/7-2017q4/bin/../lib/gcc/arm-none-eabi/7.2.1/thumb/v6-m/libgcc.a(_udivsi3.o)
 .ARM.attributes
                0x000000000000043c       0x1e /home/will/.arduino15/packages/arduino/tools/arm-none-eabi-gcc/7-2017q4/bin/../lib/gcc/arm-none-eabi/7.2.1/thumb/v6-m/libgcc.a(_dvmd_tls.o)
 .ARM.attributes
                0x000000000000045a       0x2c /home/will/.arduino15/packages/arduino/tools/arm-none-eabi-gcc/7-2017q4/bin/../lib/gcc/arm-none-eabi/7.2.1/../../../../arm-none-eabi/lib/thumb/v6-m/libc_nano.a(lib_a-impure.o)
 .ARM.attributes
                0x0000000000000486       0x2c /home/will/.arduino15/packages/arduino/tools/arm-none-eabi-gcc/7-2017q4/bin/../lib/gcc/arm-none-eabi/7.2.1/../../../../arm-none-eabi/lib/thumb/v6-m/libc_nano.a(lib_a-init.o)
 .ARM.attributes
                0x00000000000004b2       0x2c /home/will/.arduino15/packages/arduino/tools/arm-none-eabi-gcc/7-2017q4/bin/../lib/gcc/arm-none-eabi/7.2.1/../../../../arm-none-eabi/lib/thumb/v6-m/libc_nano.a(lib_a-malloc.o)
 .ARM.attributes
                0x00000000000004de       0x2c /home/will/.arduino15/packages/arduino/tools/arm-none-eabi-gcc/7-2017q4/bin/../lib/gcc/arm-none-eabi/7.2.1/../../../../arm-none-eabi/lib/thumb/v6-m/libc_nano.a(lib_a-memcpy-stub.o)
 .ARM.attributes
                0x000000000000050a       0x2c /home/will/.arduino15/packages/arduino/tools/arm-none-eabi-gcc/7-2017q4/bin/../lib/gcc/arm-none-eabi/7.2.1/../../../../arm-none-eabi/lib/thumb/v6-m/libc_nano.a(lib_a-memset.o)
 .ARM.attributes
                0x0000000000000536       0x2c /home/will/.arduino15/packages/arduino/tools/arm-none-eabi-gcc/7-2017q4/bin/../lib/gcc/arm-none-eabi/7.2.1/../../../../arm-none-eabi/lib/thumb/v6-m/libc_nano.a(lib_a-nano-freer.o)
 .ARM.attributes
                0x0000000000000562       0x2c /home/will/.arduino15/packages/arduino/tools/arm-none-eabi-gcc/7-2017q4/bin/../lib/gcc/arm-none-eabi/7.2.1/../../../../arm-none-eabi/lib/thumb/v6-m/libc_nano.a(lib_a-nano-mallocr.o)
 .ARM.attributes
                0x000000000000058e       0x2c /home/will/.arduino15/packages/arduino/tools/arm-none-eabi-gcc/7-2017q4/bin/../lib/gcc/arm-none-eabi/7.2.1/../../../../arm-none-eabi/lib/thumb/v6-m/libc_nano.a(lib_a-sbrkr.o)
 .ARM.attributes
                0x00000000000005ba       0x1c /home/will/.arduino15/packages/arduino/tools/arm-none-eabi-gcc/7-2017q4/bin/../lib/gcc/arm-none-eabi/7.2.1/../../../../arm-none-eabi/lib/thumb/v6-m/libc_nano.a(lib_a-strlen.o)
 .ARM.attributes
                0x00000000000005d6       0x2c /home/will/.arduino15/packages/arduino/tools/arm-none-eabi-gcc/7-2017q4/bin/../lib/gcc/arm-none-eabi/7.2.1/../../../../arm-none-eabi/lib/thumb/v6-m/libc_nano.a(lib_a-mlock.o)
 .ARM.attributes
                0x0000000000000602       0x2c /home/will/.arduino15/packages/arduino/tools/arm-none-eabi-gcc/7-2017q4/bin/../lib/gcc/arm-none-eabi/7.2.1/../../../../arm-none-eabi/lib/thumb/v6-m/libc_nano.a(lib_a-reent.o)
 .ARM.attributes
                0x000000000000062e       0x2c /home/will/.arduino15/packages/arduino/tools/arm-none-eabi-gcc/7-2017q4/bin/../lib/gcc/arm-none-eabi/7.2.1/../../../../arm-none-eabi/lib/thumb/v6-m/libnosys.a(sbrk.o)
 .ARM.attributes
                0x000000000000065a       0x2c /home/will/.arduino15/packages/arduino/tools/arm-none-eabi-gcc/7-2017q4/bin/../lib/gcc/arm-none-eabi/7.2.1/thumb/v6-m/crtend.o
 .ARM.attributes
                0x0000000000000686       0x1e /home/will/.arduino15/packages/arduino/tools/arm-none-eabi-gcc/7-2017q4/bin/../lib/gcc/arm-none-eabi/7.2.1/thumb/v6-m/crtn.o

.comment        0x0000000000000000       0x7e
 .comment       0x0000000000000000       0x7e /home/will/Documents/ottobot/.build/mzero_pro_bl_dbg/sketch/test.ino.cpp.o
                                         0x7f (size before relaxing)
 .comment       0x000000000000007e       0x7f /home/will/Documents/ottobot/.build/mzero_pro_bl_dbg/core/variant.cpp.o
 .comment       0x000000000000007e       0x7f /home/will/Documents/ottobot/.build/mzero_pro_bl_dbg/core/core.a(cortex_handlers.c.o)
 .comment       0x000000000000007e       0x7f /home/will/Documents/ottobot/.build/mzero_pro_bl_dbg/core/core.a(delay.c.o)
 .comment       0x000000000000007e       0x7f /home/will/Documents/ottobot/.build/mzero_pro_bl_dbg/core/core.a(hooks.c.o)
 .comment       0x000000000000007e       0x7f /home/will/Documents/ottobot/.build/mzero_pro_bl_dbg/core/core.a(startup.c.o)
 .comment       0x000000000000007e       0x7f /home/will/Documents/ottobot/.build/mzero_pro_bl_dbg/core/core.a(wiring.c.o)
 .comment       0x000000000000007e       0x7f /home/will/Documents/ottobot/.build/mzero_pro_bl_dbg/core/core.a(wiring_analog.c.o)
 .comment       0x000000000000007e       0x7f /home/will/Documents/ottobot/.build/mzero_pro_bl_dbg/core/core.a(wiring_digital.c.o)
 .comment       0x000000000000007e       0x7f /home/will/Documents/ottobot/.build/mzero_pro_bl_dbg/core/core.a(wiring_private.c.o)
 .comment       0x000000000000007e       0x7f /home/will/Documents/ottobot/.build/mzero_pro_bl_dbg/core/core.a(Reset.cpp.o)
 .comment       0x000000000000007e       0x7f /home/will/Documents/ottobot/.build/mzero_pro_bl_dbg/core/core.a(SERCOM.cpp.o)
 .comment       0x000000000000007e       0x7f /home/will/Documents/ottobot/.build/mzero_pro_bl_dbg/core/core.a(Uart.cpp.o)
 .comment       0x000000000000007e       0x7f /home/will/Documents/ottobot/.build/mzero_pro_bl_dbg/core/core.a(main.cpp.o)
 .comment       0x000000000000007e       0x7f /home/will/Documents/ottobot/.build/mzero_pro_bl_dbg/core/core.a(Print.cpp.o)
 .comment       0x000000000000007e       0x7f /home/will/Documents/ottobot/.build/mzero_pro_bl_dbg/core/core.a(USBCore.cpp.o)
 .comment       0x000000000000007e       0x7f /home/will/Documents/ottobot/.build/mzero_pro_bl_dbg/core/core.a(new.cpp.o)
 .comment       0x000000000000007e       0x7f /home/will/Documents/ottobot/.build/mzero_pro_bl_dbg/core/core.a(CDC.cpp.o)
 .comment       0x000000000000007e       0x7f /home/will/Documents/ottobot/.build/mzero_pro_bl_dbg/core/core.a(PluggableUSB.cpp.o)

.debug_info     0x0000000000000000    0x51e04
 .debug_info    0x0000000000000000     0x4a0c /home/will/Documents/ottobot/.build/mzero_pro_bl_dbg/sketch/test.ino.cpp.o
 .debug_info    0x0000000000004a0c     0x63f3 /home/will/Documents/ottobot/.build/mzero_pro_bl_dbg/core/variant.cpp.o
 .debug_info    0x000000000000adff     0x10c6 /home/will/Documents/ottobot/.build/mzero_pro_bl_dbg/core/core.a(cortex_handlers.c.o)
 .debug_info    0x000000000000bec5     0x135a /home/will/Documents/ottobot/.build/mzero_pro_bl_dbg/core/core.a(delay.c.o)
 .debug_info    0x000000000000d21f       0x64 /home/will/Documents/ottobot/.build/mzero_pro_bl_dbg/core/core.a(hooks.c.o)
 .debug_info    0x000000000000d283     0x3488 /home/will/Documents/ottobot/.build/mzero_pro_bl_dbg/core/core.a(startup.c.o)
 .debug_info    0x000000000001070b     0x2d34 /home/will/Documents/ottobot/.build/mzero_pro_bl_dbg/core/core.a(wiring.c.o)
 .debug_info    0x000000000001343f     0x4ec0 /home/will/Documents/ottobot/.build/mzero_pro_bl_dbg/core/core.a(wiring_analog.c.o)
 .debug_info    0x00000000000182ff     0x17b4 /home/will/Documents/ottobot/.build/mzero_pro_bl_dbg/core/core.a(wiring_digital.c.o)
 .debug_info    0x0000000000019ab3     0x179f /home/will/Documents/ottobot/.build/mzero_pro_bl_dbg/core/core.a(wiring_private.c.o)
 .debug_info    0x000000000001b252     0x4fff /home/will/Documents/ottobot/.build/mzero_pro_bl_dbg/core/core.a(Reset.cpp.o)
 .debug_info    0x0000000000020251     0x5f18 /home/will/Documents/ottobot/.build/mzero_pro_bl_dbg/core/core.a(SERCOM.cpp.o)
 .debug_info    0x0000000000026169     0x791e /home/will/Documents/ottobot/.build/mzero_pro_bl_dbg/core/core.a(Uart.cpp.o)
 .debug_info    0x000000000002da87     0x4a3d /home/will/Documents/ottobot/.build/mzero_pro_bl_dbg/core/core.a(main.cpp.o)
 .debug_info    0x00000000000324c4     0x7106 /home/will/Documents/ottobot/.build/mzero_pro_bl_dbg/core/core.a(Print.cpp.o)
 .debug_info    0x00000000000395ca     0xc606 /home/will/Documents/ottobot/.build/mzero_pro_bl_dbg/core/core.a(USBCore.cpp.o)
 .debug_info    0x0000000000045bd0      0xf3b /home/will/Documents/ottobot/.build/mzero_pro_bl_dbg/core/core.a(new.cpp.o)
 .debug_info    0x0000000000046b0b     0x9872 /home/will/Documents/ottobot/.build/mzero_pro_bl_dbg/core/core.a(CDC.cpp.o)
 .debug_info    0x000000000005037d     0x1a87 /home/will/Documents/ottobot/.build/mzero_pro_bl_dbg/core/core.a(PluggableUSB.cpp.o)

.debug_abbrev   0x0000000000000000     0x6344
 .debug_abbrev  0x0000000000000000      0x4f5 /home/will/Documents/ottobot/.build/mzero_pro_bl_dbg/sketch/test.ino.cpp.o
 .debug_abbrev  0x00000000000004f5      0x51d /home/will/Documents/ottobot/.build/mzero_pro_bl_dbg/core/variant.cpp.o
 .debug_abbrev  0x0000000000000a12      0x29a /home/will/Documents/ottobot/.build/mzero_pro_bl_dbg/core/core.a(cortex_handlers.c.o)
 .debug_abbrev  0x0000000000000cac      0x304 /home/will/Documents/ottobot/.build/mzero_pro_bl_dbg/core/core.a(delay.c.o)
 .debug_abbrev  0x0000000000000fb0       0x49 /home/will/Documents/ottobot/.build/mzero_pro_bl_dbg/core/core.a(hooks.c.o)
 .debug_abbrev  0x0000000000000ff9      0x2ac /home/will/Documents/ottobot/.build/mzero_pro_bl_dbg/core/core.a(startup.c.o)
 .debug_abbrev  0x00000000000012a5      0x3a1 /home/will/Documents/ottobot/.build/mzero_pro_bl_dbg/core/core.a(wiring.c.o)
 .debug_abbrev  0x0000000000001646      0x47e /home/will/Documents/ottobot/.build/mzero_pro_bl_dbg/core/core.a(wiring_analog.c.o)
 .debug_abbrev  0x0000000000001ac4      0x330 /home/will/Documents/ottobot/.build/mzero_pro_bl_dbg/core/core.a(wiring_digital.c.o)
 .debug_abbrev  0x0000000000001df4      0x31c /home/will/Documents/ottobot/.build/mzero_pro_bl_dbg/core/core.a(wiring_private.c.o)
 .debug_abbrev  0x0000000000002110      0x5b4 /home/will/Documents/ottobot/.build/mzero_pro_bl_dbg/core/core.a(Reset.cpp.o)
 .debug_abbrev  0x00000000000026c4      0x786 /home/will/Documents/ottobot/.build/mzero_pro_bl_dbg/core/core.a(SERCOM.cpp.o)
 .debug_abbrev  0x0000000000002e4a      0x8a2 /home/will/Documents/ottobot/.build/mzero_pro_bl_dbg/core/core.a(Uart.cpp.o)
 .debug_abbrev  0x00000000000036ec      0x522 /home/will/Documents/ottobot/.build/mzero_pro_bl_dbg/core/core.a(main.cpp.o)
 .debug_abbrev  0x0000000000003c0e      0x826 /home/will/Documents/ottobot/.build/mzero_pro_bl_dbg/core/core.a(Print.cpp.o)
 .debug_abbrev  0x0000000000004434      0xbff /home/will/Documents/ottobot/.build/mzero_pro_bl_dbg/core/core.a(USBCore.cpp.o)
 .debug_abbrev  0x0000000000005033      0x301 /home/will/Documents/ottobot/.build/mzero_pro_bl_dbg/core/core.a(new.cpp.o)
 .debug_abbrev  0x0000000000005334      0xac0 /home/will/Documents/ottobot/.build/mzero_pro_bl_dbg/core/core.a(CDC.cpp.o)
 .debug_abbrev  0x0000000000005df4      0x550 /home/will/Documents/ottobot/.build/mzero_pro_bl_dbg/core/core.a(PluggableUSB.cpp.o)

.debug_aranges  0x0000000000000000      0x908
 .debug_aranges
                0x0000000000000000       0x28 /home/will/Documents/ottobot/.build/mzero_pro_bl_dbg/sketch/test.ino.cpp.o
 .debug_aranges
                0x0000000000000028       0x38 /home/will/Documents/ottobot/.build/mzero_pro_bl_dbg/core/variant.cpp.o
 .debug_aranges
                0x0000000000000060       0x40 /home/will/Documents/ottobot/.build/mzero_pro_bl_dbg/core/core.a(cortex_handlers.c.o)
 .debug_aranges
                0x00000000000000a0       0x40 /home/will/Documents/ottobot/.build/mzero_pro_bl_dbg/core/core.a(delay.c.o)
 .debug_aranges
                0x00000000000000e0       0x30 /home/will/Documents/ottobot/.build/mzero_pro_bl_dbg/core/core.a(hooks.c.o)
 .debug_aranges
                0x0000000000000110       0x20 /home/will/Documents/ottobot/.build/mzero_pro_bl_dbg/core/core.a(startup.c.o)
 .debug_aranges
                0x0000000000000130       0x20 /home/will/Documents/ottobot/.build/mzero_pro_bl_dbg/core/core.a(wiring.c.o)
 .debug_aranges
                0x0000000000000150       0x48 /home/will/Documents/ottobot/.build/mzero_pro_bl_dbg/core/core.a(wiring_analog.c.o)
 .debug_aranges
                0x0000000000000198       0x30 /home/will/Documents/ottobot/.build/mzero_pro_bl_dbg/core/core.a(wiring_digital.c.o)
 .debug_aranges
                0x00000000000001c8       0x20 /home/will/Documents/ottobot/.build/mzero_pro_bl_dbg/core/core.a(wiring_private.c.o)
 .debug_aranges
                0x00000000000001e8       0x38 /home/will/Documents/ottobot/.build/mzero_pro_bl_dbg/core/core.a(Reset.cpp.o)
 .debug_aranges
                0x0000000000000220      0x1f0 /home/will/Documents/ottobot/.build/mzero_pro_bl_dbg/core/core.a(SERCOM.cpp.o)
 .debug_aranges
                0x0000000000000410       0xb0 /home/will/Documents/ottobot/.build/mzero_pro_bl_dbg/core/core.a(Uart.cpp.o)
 .debug_aranges
                0x00000000000004c0       0x28 /home/will/Documents/ottobot/.build/mzero_pro_bl_dbg/core/core.a(main.cpp.o)
 .debug_aranges
                0x00000000000004e8      0x108 /home/will/Documents/ottobot/.build/mzero_pro_bl_dbg/core/core.a(Print.cpp.o)
 .debug_aranges
                0x00000000000005f0      0x178 /home/will/Documents/ottobot/.build/mzero_pro_bl_dbg/core/core.a(USBCore.cpp.o)
 .debug_aranges
                0x0000000000000768       0x28 /home/will/Documents/ottobot/.build/mzero_pro_bl_dbg/core/core.a(new.cpp.o)
 .debug_aranges
                0x0000000000000790      0x120 /home/will/Documents/ottobot/.build/mzero_pro_bl_dbg/core/core.a(CDC.cpp.o)
 .debug_aranges
                0x00000000000008b0       0x58 /home/will/Documents/ottobot/.build/mzero_pro_bl_dbg/core/core.a(PluggableUSB.cpp.o)

.debug_ranges   0x0000000000000000     0x12c0
 .debug_ranges  0x0000000000000000       0x18 /home/will/Documents/ottobot/.build/mzero_pro_bl_dbg/sketch/test.ino.cpp.o
 .debug_ranges  0x0000000000000018       0x28 /home/will/Documents/ottobot/.build/mzero_pro_bl_dbg/core/variant.cpp.o
 .debug_ranges  0x0000000000000040       0x30 /home/will/Documents/ottobot/.build/mzero_pro_bl_dbg/core/core.a(cortex_handlers.c.o)
 .debug_ranges  0x0000000000000070       0x30 /home/will/Documents/ottobot/.build/mzero_pro_bl_dbg/core/core.a(delay.c.o)
 .debug_ranges  0x00000000000000a0       0x20 /home/will/Documents/ottobot/.build/mzero_pro_bl_dbg/core/core.a(hooks.c.o)
 .debug_ranges  0x00000000000000c0       0x10 /home/will/Documents/ottobot/.build/mzero_pro_bl_dbg/core/core.a(startup.c.o)
 .debug_ranges  0x00000000000000d0       0x28 /home/will/Documents/ottobot/.build/mzero_pro_bl_dbg/core/core.a(wiring.c.o)
 .debug_ranges  0x00000000000000f8       0x98 /home/will/Documents/ottobot/.build/mzero_pro_bl_dbg/core/core.a(wiring_analog.c.o)
 .debug_ranges  0x0000000000000190       0x20 /home/will/Documents/ottobot/.build/mzero_pro_bl_dbg/core/core.a(wiring_digital.c.o)
 .debug_ranges  0x00000000000001b0       0x30 /home/will/Documents/ottobot/.build/mzero_pro_bl_dbg/core/core.a(wiring_private.c.o)
 .debug_ranges  0x00000000000001e0       0x40 /home/will/Documents/ottobot/.build/mzero_pro_bl_dbg/core/core.a(Reset.cpp.o)
 .debug_ranges  0x0000000000000220      0x2a0 /home/will/Documents/ottobot/.build/mzero_pro_bl_dbg/core/core.a(SERCOM.cpp.o)
 .debug_ranges  0x00000000000004c0      0x1b0 /home/will/Documents/ottobot/.build/mzero_pro_bl_dbg/core/core.a(Uart.cpp.o)
 .debug_ranges  0x0000000000000670       0x18 /home/will/Documents/ottobot/.build/mzero_pro_bl_dbg/core/core.a(main.cpp.o)
 .debug_ranges  0x0000000000000688      0x168 /home/will/Documents/ottobot/.build/mzero_pro_bl_dbg/core/core.a(Print.cpp.o)
 .debug_ranges  0x00000000000007f0      0x8a8 /home/will/Documents/ottobot/.build/mzero_pro_bl_dbg/core/core.a(USBCore.cpp.o)
 .debug_ranges  0x0000000000001098       0x18 /home/will/Documents/ottobot/.build/mzero_pro_bl_dbg/core/core.a(new.cpp.o)
 .debug_ranges  0x00000000000010b0      0x1b0 /home/will/Documents/ottobot/.build/mzero_pro_bl_dbg/core/core.a(CDC.cpp.o)
 .debug_ranges  0x0000000000001260       0x60 /home/will/Documents/ottobot/.build/mzero_pro_bl_dbg/core/core.a(PluggableUSB.cpp.o)

.debug_line     0x0000000000000000     0x7e51
 .debug_line    0x0000000000000000      0x630 /home/will/Documents/ottobot/.build/mzero_pro_bl_dbg/sketch/test.ino.cpp.o
 .debug_line    0x0000000000000630      0x594 /home/will/Documents/ottobot/.build/mzero_pro_bl_dbg/core/variant.cpp.o
 .debug_line    0x0000000000000bc4      0x36f /home/will/Documents/ottobot/.build/mzero_pro_bl_dbg/core/core.a(cortex_handlers.c.o)
 .debug_line    0x0000000000000f33      0x537 /home/will/Documents/ottobot/.build/mzero_pro_bl_dbg/core/core.a(delay.c.o)
 .debug_line    0x000000000000146a       0xa0 /home/will/Documents/ottobot/.build/mzero_pro_bl_dbg/core/core.a(hooks.c.o)
 .debug_line    0x000000000000150a      0x43c /home/will/Documents/ottobot/.build/mzero_pro_bl_dbg/core/core.a(startup.c.o)
 .debug_line    0x0000000000001946      0x549 /home/will/Documents/ottobot/.build/mzero_pro_bl_dbg/core/core.a(wiring.c.o)
 .debug_line    0x0000000000001e8f      0x668 /home/will/Documents/ottobot/.build/mzero_pro_bl_dbg/core/core.a(wiring_analog.c.o)
 .debug_line    0x00000000000024f7      0x4a5 /home/will/Documents/ottobot/.build/mzero_pro_bl_dbg/core/core.a(wiring_digital.c.o)
 .debug_line    0x000000000000299c      0x49f /home/will/Documents/ottobot/.build/mzero_pro_bl_dbg/core/core.a(wiring_private.c.o)
 .debug_line    0x0000000000002e3b      0x6d5 /home/will/Documents/ottobot/.build/mzero_pro_bl_dbg/core/core.a(Reset.cpp.o)
 .debug_line    0x0000000000003510      0xc21 /home/will/Documents/ottobot/.build/mzero_pro_bl_dbg/core/core.a(SERCOM.cpp.o)
 .debug_line    0x0000000000004131      0x966 /home/will/Documents/ottobot/.build/mzero_pro_bl_dbg/core/core.a(Uart.cpp.o)
 .debug_line    0x0000000000004a97      0x62a /home/will/Documents/ottobot/.build/mzero_pro_bl_dbg/core/core.a(main.cpp.o)
 .debug_line    0x00000000000050c1      0x91c /home/will/Documents/ottobot/.build/mzero_pro_bl_dbg/core/core.a(Print.cpp.o)
 .debug_line    0x00000000000059dd     0x1211 /home/will/Documents/ottobot/.build/mzero_pro_bl_dbg/core/core.a(USBCore.cpp.o)
 .debug_line    0x0000000000006bee      0x31b /home/will/Documents/ottobot/.build/mzero_pro_bl_dbg/core/core.a(new.cpp.o)
 .debug_line    0x0000000000006f09      0xa01 /home/will/Documents/ottobot/.build/mzero_pro_bl_dbg/core/core.a(CDC.cpp.o)
 .debug_line    0x000000000000790a      0x547 /home/will/Documents/ottobot/.build/mzero_pro_bl_dbg/core/core.a(PluggableUSB.cpp.o)

.debug_str      0x0000000000000000     0x99eb
 .debug_str     0x0000000000000000     0x2c14 /home/will/Documents/ottobot/.build/mzero_pro_bl_dbg/sketch/test.ino.cpp.o
                                       0x345a (size before relaxing)
 .debug_str     0x0000000000002c14      0x90b /home/will/Documents/ottobot/.build/mzero_pro_bl_dbg/core/variant.cpp.o
                                       0x35b8 (size before relaxing)
 .debug_str     0x000000000000351f      0x4b7 /home/will/Documents/ottobot/.build/mzero_pro_bl_dbg/core/core.a(cortex_handlers.c.o)
                                        0xf9d (size before relaxing)
 .debug_str     0x00000000000039d6       0xf1 /home/will/Documents/ottobot/.build/mzero_pro_bl_dbg/core/core.a(delay.c.o)
                                        0xeb1 (size before relaxing)
 .debug_str     0x0000000000003ac7       0x68 /home/will/Documents/ottobot/.build/mzero_pro_bl_dbg/core/core.a(hooks.c.o)
                                        0x178 (size before relaxing)
 .debug_str     0x0000000000003b2f      0x852 /home/will/Documents/ottobot/.build/mzero_pro_bl_dbg/core/core.a(startup.c.o)
                                       0x16da (size before relaxing)
 .debug_str     0x0000000000004381      0x35f /home/will/Documents/ottobot/.build/mzero_pro_bl_dbg/core/core.a(wiring.c.o)
                                       0x177c (size before relaxing)
 .debug_str     0x00000000000046e0      0x16b /home/will/Documents/ottobot/.build/mzero_pro_bl_dbg/core/core.a(wiring_analog.c.o)
                                       0x1bd5 (size before relaxing)
 .debug_str     0x000000000000484b      0x100 /home/will/Documents/ottobot/.build/mzero_pro_bl_dbg/core/core.a(wiring_digital.c.o)
                                        0xfa5 (size before relaxing)
 .debug_str     0x000000000000494b       0x6c /home/will/Documents/ottobot/.build/mzero_pro_bl_dbg/core/core.a(wiring_private.c.o)
                                        0xf92 (size before relaxing)
 .debug_str     0x00000000000049b7      0x1a7 /home/will/Documents/ottobot/.build/mzero_pro_bl_dbg/core/core.a(Reset.cpp.o)
                                       0x36f9 (size before relaxing)
 .debug_str     0x0000000000004b5e      0x242 /home/will/Documents/ottobot/.build/mzero_pro_bl_dbg/core/core.a(SERCOM.cpp.o)
                                       0x3914 (size before relaxing)
 .debug_str     0x0000000000004da0     0x15e3 /home/will/Documents/ottobot/.build/mzero_pro_bl_dbg/core/core.a(Uart.cpp.o)
                                       0x4e55 (size before relaxing)
 .debug_str     0x0000000000006383       0xa4 /home/will/Documents/ottobot/.build/mzero_pro_bl_dbg/core/core.a(main.cpp.o)
                                       0x34a5 (size before relaxing)
 .debug_str     0x0000000000006427      0x433 /home/will/Documents/ottobot/.build/mzero_pro_bl_dbg/core/core.a(Print.cpp.o)
                                       0x43dc (size before relaxing)
 .debug_str     0x000000000000685a     0x2a36 /home/will/Documents/ottobot/.build/mzero_pro_bl_dbg/core/core.a(USBCore.cpp.o)
                                       0x6e2b (size before relaxing)
 .debug_str     0x0000000000009290       0x81 /home/will/Documents/ottobot/.build/mzero_pro_bl_dbg/core/core.a(new.cpp.o)
                                        0x7c9 (size before relaxing)
 .debug_str     0x0000000000009311      0x655 /home/will/Documents/ottobot/.build/mzero_pro_bl_dbg/core/core.a(CDC.cpp.o)
                                       0x7280 (size before relaxing)
 .debug_str     0x0000000000009966       0x85 /home/will/Documents/ottobot/.build/mzero_pro_bl_dbg/core/core.a(PluggableUSB.cpp.o)
                                       0x11c8 (size before relaxing)

.debug_frame    0x0000000000000000     0x1820
 .debug_frame   0x0000000000000000       0x40 /home/will/Documents/ottobot/.build/mzero_pro_bl_dbg/sketch/test.ino.cpp.o
 .debug_frame   0x0000000000000040       0x74 /home/will/Documents/ottobot/.build/mzero_pro_bl_dbg/core/variant.cpp.o
 .debug_frame   0x00000000000000b4       0x7c /home/will/Documents/ottobot/.build/mzero_pro_bl_dbg/core/core.a(cortex_handlers.c.o)
 .debug_frame   0x0000000000000130       0x88 /home/will/Documents/ottobot/.build/mzero_pro_bl_dbg/core/core.a(delay.c.o)
 .debug_frame   0x00000000000001b8       0x40 /home/will/Documents/ottobot/.build/mzero_pro_bl_dbg/core/core.a(hooks.c.o)
 .debug_frame   0x00000000000001f8       0x2c /home/will/Documents/ottobot/.build/mzero_pro_bl_dbg/core/core.a(startup.c.o)
 .debug_frame   0x0000000000000224       0x28 /home/will/Documents/ottobot/.build/mzero_pro_bl_dbg/core/core.a(wiring.c.o)
 .debug_frame   0x000000000000024c       0x90 /home/will/Documents/ottobot/.build/mzero_pro_bl_dbg/core/core.a(wiring_analog.c.o)
 .debug_frame   0x00000000000002dc       0x64 /home/will/Documents/ottobot/.build/mzero_pro_bl_dbg/core/core.a(wiring_digital.c.o)
 .debug_frame   0x0000000000000340       0x30 /home/will/Documents/ottobot/.build/mzero_pro_bl_dbg/core/core.a(wiring_private.c.o)
 .debug_frame   0x0000000000000370       0x60 /home/will/Documents/ottobot/.build/mzero_pro_bl_dbg/core/core.a(Reset.cpp.o)
 .debug_frame   0x00000000000003d0      0x478 /home/will/Documents/ottobot/.build/mzero_pro_bl_dbg/core/core.a(SERCOM.cpp.o)
 .debug_frame   0x0000000000000848      0x1c4 /home/will/Documents/ottobot/.build/mzero_pro_bl_dbg/core/core.a(Uart.cpp.o)
 .debug_frame   0x0000000000000a0c       0x38 /home/will/Documents/ottobot/.build/mzero_pro_bl_dbg/core/core.a(main.cpp.o)
 .debug_frame   0x0000000000000a44      0x334 /home/will/Documents/ottobot/.build/mzero_pro_bl_dbg/core/core.a(Print.cpp.o)
 .debug_frame   0x0000000000000d78      0x478 /home/will/Documents/ottobot/.build/mzero_pro_bl_dbg/core/core.a(USBCore.cpp.o)
 .debug_frame   0x00000000000011f0       0x70 /home/will/Documents/ottobot/.build/mzero_pro_bl_dbg/core/core.a(new.cpp.o)
 .debug_frame   0x0000000000001260      0x2ec /home/will/Documents/ottobot/.build/mzero_pro_bl_dbg/core/core.a(CDC.cpp.o)
 .debug_frame   0x000000000000154c       0xe4 /home/will/Documents/ottobot/.build/mzero_pro_bl_dbg/core/core.a(PluggableUSB.cpp.o)
 .debug_frame   0x0000000000001630       0x20 /home/will/.arduino15/packages/arduino/tools/arm-none-eabi-gcc/7-2017q4/bin/../lib/gcc/arm-none-eabi/7.2.1/thumb/v6-m/libgcc.a(_udivsi3.o)
 .debug_frame   0x0000000000001650       0x2c /home/will/.arduino15/packages/arduino/tools/arm-none-eabi-gcc/7-2017q4/bin/../lib/gcc/arm-none-eabi/7.2.1/../../../../arm-none-eabi/lib/thumb/v6-m/libc_nano.a(lib_a-init.o)
 .debug_frame   0x000000000000167c       0x40 /home/will/.arduino15/packages/arduino/tools/arm-none-eabi-gcc/7-2017q4/bin/../lib/gcc/arm-none-eabi/7.2.1/../../../../arm-none-eabi/lib/thumb/v6-m/libc_nano.a(lib_a-malloc.o)
 .debug_frame   0x00000000000016bc       0x28 /home/will/.arduino15/packages/arduino/tools/arm-none-eabi-gcc/7-2017q4/bin/../lib/gcc/arm-none-eabi/7.2.1/../../../../arm-none-eabi/lib/thumb/v6-m/libc_nano.a(lib_a-memcpy-stub.o)
 .debug_frame   0x00000000000016e4       0x20 /home/will/.arduino15/packages/arduino/tools/arm-none-eabi-gcc/7-2017q4/bin/../lib/gcc/arm-none-eabi/7.2.1/../../../../arm-none-eabi/lib/thumb/v6-m/libc_nano.a(lib_a-memset.o)
 .debug_frame   0x0000000000001704       0x2c /home/will/.arduino15/packages/arduino/tools/arm-none-eabi-gcc/7-2017q4/bin/../lib/gcc/arm-none-eabi/7.2.1/../../../../arm-none-eabi/lib/thumb/v6-m/libc_nano.a(lib_a-nano-freer.o)
 .debug_frame   0x0000000000001730       0x2c /home/will/.arduino15/packages/arduino/tools/arm-none-eabi-gcc/7-2017q4/bin/../lib/gcc/arm-none-eabi/7.2.1/../../../../arm-none-eabi/lib/thumb/v6-m/libc_nano.a(lib_a-nano-mallocr.o)
 .debug_frame   0x000000000000175c       0x2c /home/will/.arduino15/packages/arduino/tools/arm-none-eabi-gcc/7-2017q4/bin/../lib/gcc/arm-none-eabi/7.2.1/../../../../arm-none-eabi/lib/thumb/v6-m/libc_nano.a(lib_a-sbrkr.o)
 .debug_frame   0x0000000000001788       0x30 /home/will/.arduino15/packages/arduino/tools/arm-none-eabi-gcc/7-2017q4/bin/../lib/gcc/arm-none-eabi/7.2.1/../../../../arm-none-eabi/lib/thumb/v6-m/libc_nano.a(lib_a-mlock.o)
 .debug_frame   0x00000000000017b8       0x48 /home/will/.arduino15/packages/arduino/tools/arm-none-eabi-gcc/7-2017q4/bin/../lib/gcc/arm-none-eabi/7.2.1/../../../../arm-none-eabi/lib/thumb/v6-m/libc_nano.a(lib_a-reent.o)
 .debug_frame   0x0000000000001800       0x20 /home/will/.arduino15/packages/arduino/tools/arm-none-eabi-gcc/7-2017q4/bin/../lib/gcc/arm-none-eabi/7.2.1/../../../../arm-none-eabi/lib/thumb/v6-m/libnosys.a(sbrk.o)

.debug_loc      0x0000000000000000     0x6530
 .debug_loc     0x0000000000000000       0x2a /home/will/Documents/ottobot/.build/mzero_pro_bl_dbg/core/variant.cpp.o
 .debug_loc     0x000000000000002a       0x3c /home/will/Documents/ottobot/.build/mzero_pro_bl_dbg/core/core.a(cortex_handlers.c.o)
 .debug_loc     0x0000000000000066       0xfb /home/will/Documents/ottobot/.build/mzero_pro_bl_dbg/core/core.a(delay.c.o)
 .debug_loc     0x0000000000000161       0x2e /home/will/Documents/ottobot/.build/mzero_pro_bl_dbg/core/core.a(startup.c.o)
 .debug_loc     0x000000000000018f       0xab /home/will/Documents/ottobot/.build/mzero_pro_bl_dbg/core/core.a(wiring.c.o)
 .debug_loc     0x000000000000023a      0x4cc /home/will/Documents/ottobot/.build/mzero_pro_bl_dbg/core/core.a(wiring_analog.c.o)
 .debug_loc     0x0000000000000706      0x12c /home/will/Documents/ottobot/.build/mzero_pro_bl_dbg/core/core.a(wiring_digital.c.o)
 .debug_loc     0x0000000000000832      0x131 /home/will/Documents/ottobot/.build/mzero_pro_bl_dbg/core/core.a(wiring_private.c.o)
 .debug_loc     0x0000000000000963       0x2d /home/will/Documents/ottobot/.build/mzero_pro_bl_dbg/core/core.a(Reset.cpp.o)
 .debug_loc     0x0000000000000990      0xb3f /home/will/Documents/ottobot/.build/mzero_pro_bl_dbg/core/core.a(SERCOM.cpp.o)
 .debug_loc     0x00000000000014cf      0xa43 /home/will/Documents/ottobot/.build/mzero_pro_bl_dbg/core/core.a(Uart.cpp.o)
 .debug_loc     0x0000000000001f12     0x139e /home/will/Documents/ottobot/.build/mzero_pro_bl_dbg/core/core.a(Print.cpp.o)
 .debug_loc     0x00000000000032b0     0x2771 /home/will/Documents/ottobot/.build/mzero_pro_bl_dbg/core/core.a(USBCore.cpp.o)
 .debug_loc     0x0000000000005a21       0x42 /home/will/Documents/ottobot/.build/mzero_pro_bl_dbg/core/core.a(new.cpp.o)
 .debug_loc     0x0000000000005a63      0x806 /home/will/Documents/ottobot/.build/mzero_pro_bl_dbg/core/core.a(CDC.cpp.o)
 .debug_loc     0x0000000000006269      0x2c7 /home/will/Documents/ottobot/.build/mzero_pro_bl_dbg/core/core.a(PluggableUSB.cpp.o)

Cross Reference Table

Symbol                                            File
AC_Handler                                        /home/will/Documents/ottobot/.build/mzero_pro_bl_dbg/core/core.a(cortex_handlers.c.o)
ADC_Handler                                       /home/will/Documents/ottobot/.build/mzero_pro_bl_dbg/core/core.a(cortex_handlers.c.o)
DAC_Handler                                       /home/will/Documents/ottobot/.build/mzero_pro_bl_dbg/core/core.a(cortex_handlers.c.o)
DMAC_Handler                                      /home/will/Documents/ottobot/.build/mzero_pro_bl_dbg/core/core.a(cortex_handlers.c.o)
DoubleBufferedEPOutHandler::_available() const    /home/will/Documents/ottobot/.build/mzero_pro_bl_dbg/core/core.a(USBCore.cpp.o)
DoubleBufferedEPOutHandler::_recv()               /home/will/Documents/ottobot/.build/mzero_pro_bl_dbg/core/core.a(USBCore.cpp.o)
DoubleBufferedEPOutHandler::available()           /home/will/Documents/ottobot/.build/mzero_pro_bl_dbg/core/core.a(USBCore.cpp.o)
DoubleBufferedEPOutHandler::handleEndpoint()      /home/will/Documents/ottobot/.build/mzero_pro_bl_dbg/core/core.a(USBCore.cpp.o)
DoubleBufferedEPOutHandler::peek()                /home/will/Documents/ottobot/.build/mzero_pro_bl_dbg/core/core.a(USBCore.cpp.o)
DoubleBufferedEPOutHandler::recv(void*, unsigned long) /home/will/Documents/ottobot/.build/mzero_pro_bl_dbg/core/core.a(USBCore.cpp.o)
DoubleBufferedEPOutHandler::release()             /home/will/Documents/ottobot/.build/mzero_pro_bl_dbg/core/core.a(USBCore.cpp.o)
DoubleBufferedEPOutHandler::~DoubleBufferedEPOutHandler() /home/will/Documents/ottobot/.build/mzero_pro_bl_dbg/core/core.a(USBCore.cpp.o)
DoubleBufferedEPOutHandler::~DoubleBufferedEPOutHandler() /home/will/Documents/ottobot/.build/mzero_pro_bl_dbg/core/core.a(USBCore.cpp.o)
DoubleBufferedEPOutHandler::~DoubleBufferedEPOutHandler() /home/will/Documents/ottobot/.build/mzero_pro_bl_dbg/core/core.a(USBCore.cpp.o)
Dummy_Handler                                     /home/will/Documents/ottobot/.build/mzero_pro_bl_dbg/core/core.a(cortex_handlers.c.o)
EIC_Handler                                       /home/will/Documents/ottobot/.build/mzero_pro_bl_dbg/core/core.a(cortex_handlers.c.o)
EVSYS_Handler                                     /home/will/Documents/ottobot/.build/mzero_pro_bl_dbg/core/core.a(cortex_handlers.c.o)
EndPoints                                         /home/will/Documents/ottobot/.build/mzero_pro_bl_dbg/core/core.a(USBCore.cpp.o)
                                                  /home/will/Documents/ottobot/.build/mzero_pro_bl_dbg/core/core.a(PluggableUSB.cpp.o)
HardFault_Handler                                 /home/will/Documents/ottobot/.build/mzero_pro_bl_dbg/core/core.a(cortex_handlers.c.o)
I2S_Handler                                       /home/will/Documents/ottobot/.build/mzero_pro_bl_dbg/core/core.a(cortex_handlers.c.o)
NMI_Handler                                       /home/will/Documents/ottobot/.build/mzero_pro_bl_dbg/core/core.a(cortex_handlers.c.o)
NVMCTRL_Handler                                   /home/will/Documents/ottobot/.build/mzero_pro_bl_dbg/core/core.a(cortex_handlers.c.o)
PINCOUNT_fn                                       /home/will/Documents/ottobot/.build/mzero_pro_bl_dbg/core/variant.cpp.o
PM_Handler                                        /home/will/Documents/ottobot/.build/mzero_pro_bl_dbg/core/core.a(cortex_handlers.c.o)
PTC_Handler                                       /home/will/Documents/ottobot/.build/mzero_pro_bl_dbg/core/core.a(cortex_handlers.c.o)
PendSV_Handler                                    /home/will/Documents/ottobot/.build/mzero_pro_bl_dbg/core/core.a(cortex_handlers.c.o)
PluggableUSB()                                    /home/will/Documents/ottobot/.build/mzero_pro_bl_dbg/core/core.a(PluggableUSB.cpp.o)